Archive member included because of file (symbol)

c:/program files (x86)/atmel/atmel toolchain/avr8 gcc/native/3.4.1061/avr8-gnu-toolchain/bin/../lib/gcc/avr/4.8.1/avrxmega2\libgcc.a(_udivmodsi4.o)
                              src/app_cpu_load.o (__udivmodsi4)
c:/program files (x86)/atmel/atmel toolchain/avr8 gcc/native/3.4.1061/avr8-gnu-toolchain/bin/../lib/gcc/avr/4.8.1/avrxmega2\libgcc.a(_exit.o)
                              c:/program files (x86)/atmel/atmel toolchain/avr8 gcc/native/3.4.1061/avr8-gnu-toolchain/bin/../lib/gcc/avr/4.8.1/../../../../avr/lib/avrxmega2/crtx32e5.o (exit)
c:/program files (x86)/atmel/atmel toolchain/avr8 gcc/native/3.4.1061/avr8-gnu-toolchain/bin/../lib/gcc/avr/4.8.1/avrxmega2\libgcc.a(_tablejump.o)
                              src/ASF/xmega/drivers/qdec/qdec.o (__tablejump2__)
c:/program files (x86)/atmel/atmel toolchain/avr8 gcc/native/3.4.1061/avr8-gnu-toolchain/bin/../lib/gcc/avr/4.8.1/avrxmega2\libgcc.a(_copy_data.o)
                              src/app_bitmaps.o (__do_copy_data)
c:/program files (x86)/atmel/atmel toolchain/avr8 gcc/native/3.4.1061/avr8-gnu-toolchain/bin/../lib/gcc/avr/4.8.1/avrxmega2\libgcc.a(_clear_bss.o)
                              src/app_cpu_load.o (__do_clear_bss)
c:/program files (x86)/atmel/atmel toolchain/avr8 gcc/native/3.4.1061/avr8-gnu-toolchain/bin/../lib/gcc/avr/4.8.1/avrxmega2\libgcc.a(_umulhisi3.o)
                              src/ASF/xmega/drivers/qdec/qdec.o (__umulhisi3)
c:/program files (x86)/atmel/atmel toolchain/avr8 gcc/native/3.4.1061/avr8-gnu-toolchain/bin/../lib/gcc/avr/4.8.1/avrxmega2\libgcc.a(_udivdi3.o)
                              src/ASF/xmega/drivers/qdec/qdec.o (__udivdi3)
c:/program files (x86)/atmel/atmel toolchain/avr8 gcc/native/3.4.1061/avr8-gnu-toolchain/bin/../lib/gcc/avr/4.8.1/avrxmega2\libgcc.a(_udivmod64.o)
                              c:/program files (x86)/atmel/atmel toolchain/avr8 gcc/native/3.4.1061/avr8-gnu-toolchain/bin/../lib/gcc/avr/4.8.1/avrxmega2\libgcc.a(_udivdi3.o) (__udivmod64)
c:/program files (x86)/atmel/atmel toolchain/avr8 gcc/native/3.4.1061/avr8-gnu-toolchain/bin/../lib/gcc/avr/4.8.1/avrxmega2\libgcc.a(_ashldi3.o)
                              src/ASF/xmega/drivers/qdec/qdec.o (__ashldi3)
c:/program files (x86)/atmel/atmel toolchain/avr8 gcc/native/3.4.1061/avr8-gnu-toolchain/bin/../lib/gcc/avr/4.8.1/avrxmega2\libgcc.a(_subdi3.o)
                              src/ASF/xmega/drivers/qdec/qdec.o (__subdi3)
c:/program files (x86)/atmel/atmel toolchain/avr8 gcc/native/3.4.1061/avr8-gnu-toolchain/bin/../lib/gcc/avr/4.8.1/../../../../avr/lib/avrxmega2\libc.a(memcpy.o)
                              src/ASF/xmega/drivers/nvm/nvm.o (memcpy)
c:/program files (x86)/atmel/atmel toolchain/avr8 gcc/native/3.4.1061/avr8-gnu-toolchain/bin/../lib/gcc/avr/4.8.1/../../../../avr/lib/avrxmega2\libc.a(fdevopen.o)
                              src/main.o (fdevopen)
c:/program files (x86)/atmel/atmel toolchain/avr8 gcc/native/3.4.1061/avr8-gnu-toolchain/bin/../lib/gcc/avr/4.8.1/../../../../avr/lib/avrxmega2\libc.a(iob.o)
                              c:/program files (x86)/atmel/atmel toolchain/avr8 gcc/native/3.4.1061/avr8-gnu-toolchain/bin/../lib/gcc/avr/4.8.1/../../../../avr/lib/avrxmega2\libc.a(fdevopen.o) (__iob)
c:/program files (x86)/atmel/atmel toolchain/avr8 gcc/native/3.4.1061/avr8-gnu-toolchain/bin/../lib/gcc/avr/4.8.1/../../../../avr/lib/avrxmega2\libc.a(printf.o)
                              src/app_sampling.o (printf)
c:/program files (x86)/atmel/atmel toolchain/avr8 gcc/native/3.4.1061/avr8-gnu-toolchain/bin/../lib/gcc/avr/4.8.1/../../../../avr/lib/avrxmega2\libc.a(sprintf.o)
                              src/app_sampling.o (sprintf)
c:/program files (x86)/atmel/atmel toolchain/avr8 gcc/native/3.4.1061/avr8-gnu-toolchain/bin/../lib/gcc/avr/4.8.1/../../../../avr/lib/avrxmega2\libc.a(vfprintf_std.o)
                              c:/program files (x86)/atmel/atmel toolchain/avr8 gcc/native/3.4.1061/avr8-gnu-toolchain/bin/../lib/gcc/avr/4.8.1/../../../../avr/lib/avrxmega2\libc.a(printf.o) (vfprintf)
c:/program files (x86)/atmel/atmel toolchain/avr8 gcc/native/3.4.1061/avr8-gnu-toolchain/bin/../lib/gcc/avr/4.8.1/../../../../avr/lib/avrxmega2\libc.a(calloc.o)
                              c:/program files (x86)/atmel/atmel toolchain/avr8 gcc/native/3.4.1061/avr8-gnu-toolchain/bin/../lib/gcc/avr/4.8.1/../../../../avr/lib/avrxmega2\libc.a(fdevopen.o) (calloc)
c:/program files (x86)/atmel/atmel toolchain/avr8 gcc/native/3.4.1061/avr8-gnu-toolchain/bin/../lib/gcc/avr/4.8.1/../../../../avr/lib/avrxmega2\libc.a(malloc.o)
                              c:/program files (x86)/atmel/atmel toolchain/avr8 gcc/native/3.4.1061/avr8-gnu-toolchain/bin/../lib/gcc/avr/4.8.1/../../../../avr/lib/avrxmega2\libc.a(calloc.o) (malloc)
c:/program files (x86)/atmel/atmel toolchain/avr8 gcc/native/3.4.1061/avr8-gnu-toolchain/bin/../lib/gcc/avr/4.8.1/../../../../avr/lib/avrxmega2\libc.a(strnlen_P.o)
[...]
Memory Configuration

Name             Origin             Length             Attributes
text             0x00000000         0x00100000         xr
data             0x00802000         0x0000ffa0         rw !x
eeprom           0x00810000         0x00010000         rw !x
fuse             0x00820000         0x00000400         rw !x
lock             0x00830000         0x00000400         rw !x
signature        0x00840000         0x00000400         rw !x
user_signatures  0x00850000         0x00000400         rw !x
*default*        0x00000000         0xffffffff

Linker script and memory map

LOAD c:/program files (x86)/atmel/atmel toolchain/avr8 gcc/native/3.4.1061/avr8-gnu-toolchain/bin/../lib/gcc/avr/4.8.1/../../../../avr/lib/avrxmega2/crtx32e5.o
LOAD src/app_bitmaps.o
LOAD src/app_cpu_load.o
LOAD src/app_sampling.o
LOAD src/ASF/common/components/display/ssd1306/font.o
LOAD src/ASF/common/components/display/ssd1306/ssd1306.o
LOAD src/ASF/common/services/clock/xmega/sysclk.o
LOAD src/ASF/common/services/fifo/fifo.o
LOAD src/ASF/common/services/gfx_mono/gfx_mono_framebuffer.o
LOAD src/ASF/common/services/gfx_mono/gfx_mono_generic.o
LOAD src/ASF/common/services/gfx_mono/gfx_mono_text.o
LOAD src/ASF/common/services/gfx_mono/gfx_mono_ug_2832hsweg04.o
LOAD src/ASF/common/services/gfx_mono/sysfont.o
LOAD src/ASF/common/services/ioport/xmega/ioport_compat.o
LOAD src/ASF/common/services/serial/usart_serial.o
LOAD src/ASF/common/services/sleepmgr/xmega/sleepmgr.o
LOAD src/ASF/common/services/spi/xmega_usart_spi/usart_spi.o
LOAD src/ASF/common/utils/stdio/read.o
LOAD src/ASF/common/utils/stdio/write.o
LOAD src/ASF/xmega/boards/xmega_e5_xplained/init.o
LOAD src/ASF/xmega/drivers/adc/adc.o
LOAD src/ASF/xmega/drivers/adc/xmega_e/adc_e.o
LOAD src/ASF/xmega/drivers/cpu/ccp.o
LOAD src/ASF/xmega/drivers/nvm/nvm.o
LOAD src/ASF/xmega/drivers/nvm/nvm_asm.o
LOAD src/ASF/xmega/drivers/qdec/qdec.o
LOAD src/ASF/xmega/drivers/rtc/rtc.o
LOAD src/ASF/xmega/drivers/tc45/tc45.o
LOAD src/ASF/xmega/drivers/usart/usart.o
LOAD src/main.o
START GROUP
LOAD c:/program files (x86)/atmel/atmel toolchain/avr8 gcc/native/3.4.1061/avr8-gnu-toolchain/bin/../lib/gcc/avr/4.8.1/../../../../avr/lib/avrxmega2\libm.a
END GROUP
Address of section .BOOT set to 0x8000
START GROUP
LOAD c:/program files (x86)/atmel/atmel toolchain/avr8 gcc/native/3.4.1061/avr8-gnu-toolchain/bin/../lib/gcc/avr/4.8.1/avrxmega2\libgcc.a
LOAD c:/program files (x86)/atmel/atmel toolchain/avr8 gcc/native/3.4.1061/avr8-gnu-toolchain/bin/../lib/gcc/avr/4.8.1/../../../../avr/lib/avrxmega2\libm.a
LOAD c:/program files (x86)/atmel/atmel toolchain/avr8 gcc/native/3.4.1061/avr8-gnu-toolchain/bin/../lib/gcc/avr/4.8.1/../../../../avr/lib/avrxmega2\libc.a
END GROUP

.hash
 *(.hash)

.dynsym
 *(.dynsym)

.dynstr
 *(.dynstr)

.gnu.version
 *(.gnu.version)

.gnu.version_d
 *(.gnu.version_d)

.gnu.version_r
 *(.gnu.version_r)

.rel.init
 *(.rel.init)

.rela.init
 *(.rela.init)

.rel.text
 *(.rel.text)
 *(.rel.text.*)
 *(.rel.gnu.linkonce.t*)

.rela.text
 *(.rela.text)
 *(.rela.text.*)
 *(.rela.gnu.linkonce.t*)

.rel.fini
 *(.rel.fini)

.rela.fini
 *(.rela.fini)

.rel.rodata
 *(.rel.rodata)
 *(.rel.rodata.*)
 *(.rel.gnu.linkonce.r*)

.rela.rodata
 *(.rela.rodata)
 *(.rela.rodata.*)
 *(.rela.gnu.linkonce.r*)

.rel.data
 *(.rel.data)
 *(.rel.data.*)
 *(.rel.gnu.linkonce.d*)

.rela.data
 *(.rela.data)
 *(.rela.data.*)
 *(.rela.gnu.linkonce.d*)

.rel.ctors
 *(.rel.ctors)

.rela.ctors
 *(.rela.ctors)

.rel.dtors
 *(.rel.dtors)

.rela.dtors
 *(.rela.dtors)

.rel.got
 *(.rel.got)

.rela.got
 *(.rela.got)

.rel.bss
 *(.rel.bss)

.rela.bss
 *(.rela.bss)

.rel.plt
 *(.rel.plt)

.rela.plt
 *(.rela.plt)

.text           0x00000000     0x3c16
 *(.vectors)
 .vectors       0x00000000       0xac c:/program files (x86)/atmel/atmel toolchain/avr8 gcc/native/3.4.1061/avr8-gnu-toolchain/bin/../lib/gcc/avr/4.8.1/../../../../avr/lib/avrxmega2/crtx32e5.o
                0x00000000                __vector_default
                0x00000000                __vectors
 *(.vectors)
 *(.progmem.gcc*)
 .progmem.gcc_sw_table.qdec_enabled
                0x000000ac        0xe src/ASF/xmega/drivers/qdec/qdec.o
                0x000000ba                . = ALIGN (0x2)
                0x000000ba                __trampolines_start = .
 *(.trampolines)
 .trampolines   0x000000ba        0x0 linker stubs
 *(.trampolines*)
                0x000000ba                __trampolines_end = .
 *(.progmem*)
 .progmem.data.picture_atmel
                0x000000ba      0x130 src/app_bitmaps.o
                0x000000ba                picture_atmel
 .progmem.data.sysfont_glyphs
                0x000001ea      0x292 src/ASF/common/services/gfx_mono/sysfont.o
                0x0000047c                . = ALIGN (0x2)
 *(.jumptables)
 *(.jumptables*)
 *(.lowtext)
 *(.lowtext*)
                0x0000047c                __ctors_start = .
 *(.ctors)
                0x0000047c                __ctors_end = .
                0x0000047c                __dtors_start = .
 *(.dtors)
                0x0000047c                __dtors_end = .
 SORT(*)(.ctors)
 SORT(*)(.dtors)
 *(.init0)
 .init0         0x0000047c        0x0 c:/program files (x86)/atmel/atmel toolchain/avr8 gcc/native/3.4.1061/avr8-gnu-toolchain/bin/../lib/gcc/avr/4.8.1/../../../../avr/lib/avrxmega2/crtx32e5.o
                0x0000047c                __init
 *(.init0)
 *(.init1)
 *(.init1)
 *(.init2)
 .init2         0x0000047c        0xc c:/program files (x86)/atmel/atmel toolchain/avr8 gcc/native/3.4.1061/avr8-gnu-toolchain/bin/../lib/gcc/avr/4.8.1/../../../../avr/lib/avrxmega2/crtx32e5.o
 *(.init2)
 *(.init3)
 *(.init3)
 *(.init4)
 .init4         0x00000488       0x16 c:/program files (x86)/atmel/atmel toolchain/avr8 gcc/native/3.4.1061/avr8-gnu-toolchain/bin/../lib/gcc/avr/4.8.1/avrxmega2\libgcc.a(_copy_data.o)
                0x00000488                __do_copy_data
 .init4         0x0000049e       0x10 c:/program files (x86)/atmel/atmel toolchain/avr8 gcc/native/3.4.1061/avr8-gnu-toolchain/bin/../lib/gcc/avr/4.8.1/avrxmega2\libgcc.a(_clear_bss.o)
                0x0000049e                __do_clear_bss
 *(.init4)
 *(.init5)
 *(.init5)
 *(.init6)
 *(.init6)
 *(.init7)
 *(.init7)
 *(.init8)
 *(.init8)
 *(.init9)
 .init9         0x000004ae        0x8 c:/program files (x86)/atmel/atmel toolchain/avr8 gcc/native/3.4.1061/avr8-gnu-toolchain/bin/../lib/gcc/avr/4.8.1/../../../../avr/lib/avrxmega2/crtx32e5.o
 *(.init9)
 *(.text)
 .text          0x000004b6        0x2 c:/program files (x86)/atmel/atmel toolchain/avr8 gcc/native/3.4.1061/avr8-gnu-toolchain/bin/../lib/gcc/avr/4.8.1/../../../../avr/lib/avrxmega2/crtx32e5.o
                0x000004b6                __vector_22
                0x000004b6                __vector_28
                0x000004b6                __vector_1
                0x000004b6                __vector_32
                0x000004b6                __vector_24
                0x000004b6                __bad_interrupt
                0x000004b6                __vector_6
                0x000004b6                __vector_31
                0x000004b6                __vector_35
                0x000004b6                __vector_3
                0x000004b6                __vector_23
                0x000004b6                __vector_30
                0x000004b6                __vector_25
                0x000004b6                __vector_11
                0x000004b6                __vector_41
                0x000004b6                __vector_27
                0x000004b6                __vector_5
                0x000004b6                __vector_33
                0x000004b6                __vector_4
                0x000004b6                __vector_9
                0x000004b6                __vector_2
                0x000004b6                __vector_29
                0x000004b6                __vector_40
                0x000004b6                __vector_26
                0x000004b6                __vector_10
                0x000004b6                __vector_42
                0x000004b8                . = ALIGN (0x2)
 *(.text.*)
 .text.app_cpu_load_init
                0x000004b8       0x62 src/app_cpu_load.o
                0x000004b8                app_cpu_load_init
 .text.app_cpu_load_enter_sleep
                0x0000051a       0x3e src/app_cpu_load.o
                0x0000051a                app_cpu_load_enter_sleep
 .text.app_cpu_load_exit_sleep
                0x00000558       0x42 src/app_cpu_load.o
                0x00000558                app_cpu_load_exit_sleep
 .text.app_cpu_load_task
                0x0000059a       0xf6 src/app_cpu_load.o
                0x0000059a                app_cpu_load_task
 .text.app_sampling_display_rate
                0x00000690       0x68 src/app_sampling.o
 .text.app_sampling_start_next_conversion
                0x000006f8       0x2c src/app_sampling.o
 .text.app_sampling_start
                0x00000724       0x10 src/app_sampling.o
 .text.app_sampling_handler
                0x00000734       0xf0 src/app_sampling.o
 .text.app_sampling_init
                0x00000824      0x128 src/app_sampling.o
                0x00000824                app_sampling_init
 .text.app_sampling_task
                0x0000094c      0x25e src/app_sampling.o
                0x0000094c                app_sampling_task
 .text.ssd1306_write_command
                0x00000baa       0x5e src/ASF/common/components/display/ssd1306/ssd1306.o
 .text.ssd1306_init
                0x00000c08       0xd0 src/ASF/common/components/display/ssd1306/ssd1306.o
                0x00000c08                ssd1306_init
 .text.sysclk_init
                0x00000cd8       0x68 src/ASF/common/services/clock/xmega/sysclk.o
                0x00000cd8                sysclk_init
 .text.sysclk_enable_module
                0x00000d40       0x18 src/ASF/common/services/clock/xmega/sysclk.o
                0x00000d40                sysclk_enable_module
 .text.sysclk_disable_module
                0x00000d58       0x16 src/ASF/common/services/clock/xmega/sysclk.o
                0x00000d58                sysclk_disable_module
 .text.fifo_init
                0x00000d6e       0x18 src/ASF/common/services/fifo/fifo.o
                0x00000d6e                fifo_init
 .text.gfx_mono_set_framebuffer
                0x00000d86        0xa src/ASF/common/services/gfx_mono/gfx_mono_framebuffer.o
                0x00000d86                gfx_mono_set_framebuffer
 .text.gfx_mono_framebuffer_put_page
                0x00000d90       0x26 src/ASF/common/services/gfx_mono/gfx_mono_framebuffer.o
                0x00000d90                gfx_mono_framebuffer_put_page
 .text.gfx_mono_framebuffer_put_byte
                0x00000db6       0x1e src/ASF/common/services/gfx_mono/gfx_mono_framebuffer.o
                0x00000db6                gfx_mono_framebuffer_put_byte
 .text.gfx_mono_framebuffer_get_byte
                0x00000dd4       0x1e src/ASF/common/services/gfx_mono/gfx_mono_framebuffer.o
                0x00000dd4                gfx_mono_framebuffer_get_byte
 .text.gfx_mono_generic_draw_horizontal_line
                0x00000df2       0xe6 src/ASF/common/services/gfx_mono/gfx_mono_generic.o
                0x00000df2                gfx_mono_generic_draw_horizontal_line
 .text.gfx_mono_generic_draw_vertical_line
                0x00000ed8       0xac src/ASF/common/services/gfx_mono/gfx_mono_generic.o
                0x00000ed8                gfx_mono_generic_draw_vertical_line
 .text.gfx_mono_generic_draw_line
                0x00000f84       0xd4 src/ASF/common/services/gfx_mono/gfx_mono_generic.o
                0x00000f84                gfx_mono_generic_draw_line
 .text.gfx_mono_generic_draw_filled_rect
                0x00001058       0x36 src/ASF/common/services/gfx_mono/gfx_mono_generic.o
                0x00001058                gfx_mono_generic_draw_filled_rect
 .text.gfx_mono_generic_draw_filled_circle
                0x0000108e      0x138 src/ASF/common/services/gfx_mono/gfx_mono_generic.o
                0x0000108e                gfx_mono_generic_draw_filled_circle
 .text.gfx_mono_generic_put_bitmap
                0x000011c6       0xc0 src/ASF/common/services/gfx_mono/gfx_mono_generic.o
                0x000011c6                gfx_mono_generic_put_bitmap
 .text.gfx_mono_draw_char
                0x00001286       0xba src/ASF/common/services/gfx_mono/gfx_mono_text.o
                0x00001286                gfx_mono_draw_char
 .text.gfx_mono_draw_string
                0x00001340       0x52 src/ASF/common/services/gfx_mono/gfx_mono_text.o
                0x00001340                gfx_mono_draw_string
 .text.ssd1306_write_command
                0x00001392       0x5e src/ASF/common/services/gfx_mono/gfx_mono_ug_2832hsweg04.o
 .text.gfx_mono_ssd1306_put_page
                0x000013f0       0xc8 src/ASF/common/services/gfx_mono/gfx_mono_ug_2832hsweg04.o
                0x000013f0                gfx_mono_ssd1306_put_page
 .text.gfx_mono_ssd1306_put_byte
                0x000014b8       0x9e src/ASF/common/services/gfx_mono/gfx_mono_ug_2832hsweg04.o
                0x000014b8                gfx_mono_ssd1306_put_byte
 .text.gfx_mono_ssd1306_init
                0x00001556       0x34 src/ASF/common/services/gfx_mono/gfx_mono_ug_2832hsweg04.o
                0x00001556                gfx_mono_ssd1306_init
 .text.gfx_mono_ssd1306_draw_pixel
                0x0000158a       0x7c src/ASF/common/services/gfx_mono/gfx_mono_ug_2832hsweg04.o
                0x0000158a                gfx_mono_ssd1306_draw_pixel
 .text.gfx_mono_ssd1306_get_byte
                0x00001606        0x4 src/ASF/common/services/gfx_mono/gfx_mono_ug_2832hsweg04.o
                0x00001606                gfx_mono_ssd1306_get_byte
 .text.gfx_mono_ssd1306_mask_byte
                0x0000160a       0x3e src/ASF/common/services/gfx_mono/gfx_mono_ug_2832hsweg04.o
                0x0000160a                gfx_mono_ssd1306_mask_byte
 .text.ioport_configure_port_pin
                0x00001648       0x50 src/ASF/common/services/ioport/xmega/ioport_compat.o
                0x00001648                ioport_configure_port_pin
 .text.usart_spi_init
                0x00001698       0x1e src/ASF/common/services/spi/xmega_usart_spi/usart_spi.o
                0x00001698                usart_spi_init
 .text.usart_spi_setup_device
                0x000016b6       0x38 src/ASF/common/services/spi/xmega_usart_spi/usart_spi.o
                0x000016b6                usart_spi_setup_device
 .text.usart_spi_select_device
                0x000016ee       0x2c src/ASF/common/services/spi/xmega_usart_spi/usart_spi.o
                0x000016ee                usart_spi_select_device
 .text.usart_spi_deselect_device
                0x0000171a       0x2c src/ASF/common/services/spi/xmega_usart_spi/usart_spi.o
                0x0000171a                usart_spi_deselect_device
 .text._read    0x00001746       0x32 src/ASF/common/utils/stdio/read.o
                0x00001746                _read
 .text._write   0x00001778       0x24 src/ASF/common/utils/stdio/write.o
                0x00001778                _write
 .text.board_init
                0x0000179c       0xca src/ASF/xmega/boards/xmega_e5_xplained/init.o
                0x0000179c                board_init
 .text.adc_set_callback
                0x00001866       0x16 src/ASF/xmega/drivers/adc/adc.o
                0x00001866                adc_set_callback
 .text.adc_enable_clock
                0x0000187c       0x1e src/ASF/xmega/drivers/adc/adc.o
                0x0000187c                adc_enable_clock
 .text.adc_disable_clock
                0x0000189a       0x1c src/ASF/xmega/drivers/adc/adc.o
                0x0000189a                adc_disable_clock
 .text.adc_enable
                0x000018b6       0x2e src/ASF/xmega/drivers/adc/adc.o
                0x000018b6                adc_enable
 .text.__vector_34
                0x000018e4       0x60 src/ASF/xmega/drivers/adc/xmega_e/adc_e.o
                0x000018e4                __vector_34
 .text.adc_write_configuration
                0x00001944       0x7e src/ASF/xmega/drivers/adc/xmega_e/adc_e.o
                0x00001944                adc_write_configuration
 .text.adc_read_configuration
                0x000019c2       0x44 src/ASF/xmega/drivers/adc/xmega_e/adc_e.o
                0x000019c2                adc_read_configuration
 .text.adcch_write_configuration
                0x00001a06       0x50 src/ASF/xmega/drivers/adc/xmega_e/adc_e.o
                0x00001a06                adcch_write_configuration
 .text.adcch_read_configuration
                0x00001a56       0x50 src/ASF/xmega/drivers/adc/xmega_e/adc_e.o
                0x00001a56                adcch_read_configuration
 .text.ccp_write_io
                0x00001aa6        0xc src/ASF/xmega/drivers/cpu/ccp.o
                0x00001aa6                ccp_write_io
 .text.nvm_read_byte
                0x00001ab2       0x14 src/ASF/xmega/drivers/nvm/nvm_asm.o
                0x00001ab2                nvm_read_byte
 .text.qdec_evsys_pin_2_chmux
                0x00001ac6       0x30 src/ASF/xmega/drivers/qdec/qdec.o
 .text.qdec_get_config_defaults
                0x00001af6       0x4c src/ASF/xmega/drivers/qdec/qdec.o
                0x00001af6                qdec_get_config_defaults
 .text.qdec_config_phase_pins
                0x00001b42       0x18 src/ASF/xmega/drivers/qdec/qdec.o
                0x00001b42                qdec_config_phase_pins
 .text.qdec_config_enable_rotary
                0x00001b5a        0x8 src/ASF/xmega/drivers/qdec/qdec.o
                0x00001b5a                qdec_config_enable_rotary
 .text.qdec_config_tc
                0x00001b62        0x8 src/ASF/xmega/drivers/qdec/qdec.o
                0x00001b62                qdec_config_tc
 .text.qdec_config_revolution
                0x00001b6a        0x8 src/ASF/xmega/drivers/qdec/qdec.o
                0x00001b6a                qdec_config_revolution
 .text.qdec_enabled
                0x00001b72      0x5c0 src/ASF/xmega/drivers/qdec/qdec.o
                0x00001b72                qdec_enabled
 .text.qdec_get_position
                0x00002132       0x1a src/ASF/xmega/drivers/qdec/qdec.o
                0x00002132                qdec_get_position
 .text.rtc_get_time
                0x0000214c       0x56 src/ASF/xmega/drivers/rtc/rtc.o
                0x0000214c                rtc_get_time
 .text.rtc_set_alarm
                0x000021a2       0x30 src/ASF/xmega/drivers/rtc/rtc.o
                0x000021a2                rtc_set_alarm
 .text.rtc_set_callback
                0x000021d2        0xa src/ASF/xmega/drivers/rtc/rtc.o
                0x000021d2                rtc_set_callback
 .text.rtc_init
                0x000021dc       0x36 src/ASF/xmega/drivers/rtc/rtc.o
                0x000021dc                rtc_init
 .text.__vector_7
                0x00002212       0x56 src/ASF/xmega/drivers/rtc/rtc.o
                0x00002212                __vector_7
 .text.__vector_8
                0x00002268       0xf2 src/ASF/xmega/drivers/rtc/rtc.o
                0x00002268                __vector_8
 .text.__vector_12
                0x0000235a       0x56 src/ASF/xmega/drivers/tc45/tc45.o
                0x0000235a                __vector_12
 .text.__vector_13
                0x000023b0       0x56 src/ASF/xmega/drivers/tc45/tc45.o
                0x000023b0                __vector_13
 .text.__vector_14
                0x00002406       0x56 src/ASF/xmega/drivers/tc45/tc45.o
                0x00002406                __vector_14
 .text.__vector_15
                0x0000245c       0x56 src/ASF/xmega/drivers/tc45/tc45.o
                0x0000245c                __vector_15
 .text.__vector_16
                0x000024b2       0x56 src/ASF/xmega/drivers/tc45/tc45.o
                0x000024b2                __vector_16
 .text.__vector_17
                0x00002508       0x56 src/ASF/xmega/drivers/tc45/tc45.o
                0x00002508                __vector_17
 .text.__vector_18
                0x0000255e       0x56 src/ASF/xmega/drivers/tc45/tc45.o
                0x0000255e                __vector_18
 .text.__vector_19
                0x000025b4       0x56 src/ASF/xmega/drivers/tc45/tc45.o
                0x000025b4                __vector_19
 .text.__vector_20
                0x0000260a       0x56 src/ASF/xmega/drivers/tc45/tc45.o
                0x0000260a                __vector_20
 .text.__vector_21
                0x00002660       0x56 src/ASF/xmega/drivers/tc45/tc45.o
                0x00002660                __vector_21
 .text.__vector_36
                0x000026b6       0x56 src/ASF/xmega/drivers/tc45/tc45.o
                0x000026b6                __vector_36
 .text.__vector_37
                0x0000270c       0x56 src/ASF/xmega/drivers/tc45/tc45.o
                0x0000270c                __vector_37
 .text.__vector_38
                0x00002762       0x56 src/ASF/xmega/drivers/tc45/tc45.o
                0x00002762                __vector_38
 .text.__vector_39
                0x000027b8       0x56 src/ASF/xmega/drivers/tc45/tc45.o
                0x000027b8                __vector_39
 .text.tc45_enable
                0x0000280e       0x70 src/ASF/xmega/drivers/tc45/tc45.o
                0x0000280e                tc45_enable
 .text.tc45_disable
                0x0000287e       0x70 src/ASF/xmega/drivers/tc45/tc45.o
                0x0000287e                tc45_disable
 .text.usart_putchar
                0x000028ee       0x10 src/ASF/xmega/drivers/usart/usart.o
                0x000028ee                usart_putchar
 .text.usart_getchar
                0x000028fe        0xc src/ASF/xmega/drivers/usart/usart.o
                0x000028fe                usart_getchar
 .text.usart_set_baudrate
                0x0000290a      0x20c src/ASF/xmega/drivers/usart/usart.o
                0x0000290a                usart_set_baudrate
 .text.usart_init_rs232
                0x00002b16      0x168 src/ASF/xmega/drivers/usart/usart.o
                0x00002b16                usart_init_rs232
 .text.usart_spi_set_baudrate
                0x00002c7e       0x62 src/ASF/xmega/drivers/usart/usart.o
                0x00002c7e                usart_spi_set_baudrate
 .text.usart_init_spi
                0x00002ce0      0x250 src/ASF/xmega/drivers/usart/usart.o
                0x00002ce0                usart_init_spi
 .text.main_introduction_is_exist
                0x00002f30       0x12 src/main.o
 .text.usart_serial_getchar
                0x00002f42       0x10 src/main.o
 .text.usart_serial_putchar
                0x00002f52        0x4 src/main.o
 .text.main_introduction_delay
                0x00002f56       0xba src/main.o
 .text.main     0x00003010      0x1dc src/main.o
                0x00003010                main
 .text.libgcc.div
                0x000031ec       0x44 c:/program files (x86)/atmel/atmel toolchain/avr8 gcc/native/3.4.1061/avr8-gnu-toolchain/bin/../lib/gcc/avr/4.8.1/avrxmega2\libgcc.a(_udivmodsi4.o)
                0x000031ec                __udivmodsi4
 .text.libgcc   0x00003230        0xc c:/program files (x86)/atmel/atmel toolchain/avr8 gcc/native/3.4.1061/avr8-gnu-toolchain/bin/../lib/gcc/avr/4.8.1/avrxmega2\libgcc.a(_tablejump.o)
                0x00003230                __tablejump2__
                0x00003234                __tablejump__
 .text.libgcc.mul
                0x0000323c       0x1e c:/program files (x86)/atmel/atmel toolchain/avr8 gcc/native/3.4.1061/avr8-gnu-toolchain/bin/../lib/gcc/avr/4.8.1/avrxmega2\libgcc.a(_umulhisi3.o)
                0x0000323c                __umulhisi3
 .text.libgcc.div
                0x0000325a       0x1a c:/program files (x86)/atmel/atmel toolchain/avr8 gcc/native/3.4.1061/avr8-gnu-toolchain/bin/../lib/gcc/avr/4.8.1/avrxmega2\libgcc.a(_udivdi3.o)
                0x0000325a                __umoddi3
                0x0000325e                __udivdi3
                0x00003260                __udivdi3_umoddi3
 .text.libgcc.div
                0x00003274       0xa2 c:/program files (x86)/atmel/atmel toolchain/avr8 gcc/native/3.4.1061/avr8-gnu-toolchain/bin/../lib/gcc/avr/4.8.1/avrxmega2\libgcc.a(_udivmod64.o)
                0x00003274                __udivmod64
 .text.libgcc.builtins
                0x00003316       0x32 c:/program files (x86)/atmel/atmel toolchain/avr8 gcc/native/3.4.1061/avr8-gnu-toolchain/bin/../lib/gcc/avr/4.8.1/avrxmega2\libgcc.a(_ashldi3.o)
                0x00003316                __ashldi3
 .text.libgcc   0x00003348       0x12 c:/program files (x86)/atmel/atmel toolchain/avr8 gcc/native/3.4.1061/avr8-gnu-toolchain/bin/../lib/gcc/avr/4.8.1/avrxmega2\libgcc.a(_subdi3.o)
                0x00003348                __subdi3
 .text.avr-libc
                0x0000335a       0x94 c:/program files (x86)/atmel/atmel toolchain/avr8 gcc/native/3.4.1061/avr8-gnu-toolchain/bin/../lib/gcc/avr/4.8.1/../../../../avr/lib/avrxmega2\libc.a(fdevopen.o)
                0x0000335a                fdevopen
 .text.avr-libc
                0x000033ee       0x22 c:/program files (x86)/atmel/atmel toolchain/avr8 gcc/native/3.4.1061/avr8-gnu-toolchain/bin/../lib/gcc/avr/4.8.1/../../../../avr/lib/avrxmega2\libc.a(printf.o)
                0x000033ee                printf
 .text.avr-libc
                0x00003410       0x3e c:/program files (x86)/atmel/atmel toolchain/avr8 gcc/native/3.4.1061/avr8-gnu-toolchain/bin/../lib/gcc/avr/4.8.1/../../../../avr/lib/avrxmega2\libc.a(sprintf.o)
                0x00003410                sprintf
 .text.avr-libc
                0x0000344e      0x386 c:/program files (x86)/atmel/atmel toolchain/avr8 gcc/native/3.4.1061/avr8-gnu-toolchain/bin/../lib/gcc/avr/4.8.1/../../../../avr/lib/avrxmega2\libc.a(vfprintf_std.o)
                0x0000344e                vfprintf
 .text.avr-libc
                0x000037d4       0x34 c:/program files (x86)/atmel/atmel toolchain/avr8 gcc/native/3.4.1061/avr8-gnu-toolchain/bin/../lib/gcc/avr/4.8.1/../../../../avr/lib/avrxmega2\libc.a(calloc.o)
                0x000037d4                calloc
 .text.avr-libc
                0x00003808      0x24e c:/program files (x86)/atmel/atmel toolchain/avr8 gcc/native/3.4.1061/avr8-gnu-toolchain/bin/../lib/gcc/avr/4.8.1/../../../../avr/lib/avrxmega2\libc.a(malloc.o)
                0x00003808                malloc
                0x00003938                free
 .text.avr-libc
                0x00003a56       0x16 c:/program files (x86)/atmel/atmel toolchain/avr8 gcc/native/3.4.1061/avr8-gnu-toolchain/bin/../lib/gcc/avr/4.8.1/../../../../avr/lib/avrxmega2\libc.a(strnlen_P.o)
                0x00003a56                strnlen_P
 .text.avr-libc
                0x00003a6c        0xe c:/program files (x86)/atmel/atmel toolchain/avr8 gcc/native/3.4.1061/avr8-gnu-toolchain/bin/../lib/gcc/avr/4.8.1/../../../../avr/lib/avrxmega2\libc.a(memset.o)
                0x00003a6c                memset
 .text.avr-libc
                0x00003a7a       0x16 c:/program files (x86)/atmel/atmel toolchain/avr8 gcc/native/3.4.1061/avr8-gnu-toolchain/bin/../lib/gcc/avr/4.8.1/../../../../avr/lib/avrxmega2\libc.a(strnlen.o)
                0x00003a7a                strnlen
 .text.avr-libc
                0x00003a90       0x64 c:/program files (x86)/atmel/atmel toolchain/avr8 gcc/native/3.4.1061/avr8-gnu-toolchain/bin/../lib/gcc/avr/4.8.1/../../../../avr/lib/avrxmega2\libc.a(fputc.o)
                0x00003a90                fputc
 .text.avr-libc
                0x00003af4       0xbc c:/program files (x86)/atmel/atmel toolchain/avr8 gcc/native/3.4.1061/avr8-gnu-toolchain/bin/../lib/gcc/avr/4.8.1/../../../../avr/lib/avrxmega2\libc.a(ultoa_invert.o)
                0x00003af4                __ultoa_invert
 .text.libgcc.prologue
                0x00003bb0       0x32 c:/program files (x86)/atmel/atmel toolchain/avr8 gcc/native/3.4.1061/avr8-gnu-toolchain/bin/../lib/gcc/avr/4.8.1/avrxmega2\libgcc.a(_prologue.o)
                0x00003bb0                __prologue_saves__
 .text.libgcc.prologue
                0x00003be2       0x30 c:/program files (x86)/atmel/atmel toolchain/avr8 gcc/native/3.4.1061/avr8-gnu-toolchain/bin/../lib/gcc/avr/4.8.1/avrxmega2\libgcc.a(_epilogue.o)
                0x00003be2                __epilogue_restores__
                0x00003c12                . = ALIGN (0x2)
 *(.fini9)
 .fini9         0x00003c12        0x0 c:/program files (x86)/atmel/atmel toolchain/avr8 gcc/native/3.4.1061/avr8-gnu-toolchain/bin/../lib/gcc/avr/4.8.1/avrxmega2\libgcc.a(_exit.o)
                0x00003c12                _exit
                0x00003c12                exit
 *(.fini9)
 *(.fini8)
 *(.fini8)
 *(.fini7)
 *(.fini7)
 *(.fini6)
 *(.fini6)
 *(.fini5)
 *(.fini5)
 *(.fini4)
 *(.fini4)
 *(.fini3)
 *(.fini3)
 *(.fini2)
 *(.fini2)
 *(.fini1)
 *(.fini1)
 *(.fini0)
 .fini0         0x00003c12        0x4 c:/program files (x86)/atmel/atmel toolchain/avr8 gcc/native/3.4.1061/avr8-gnu-toolchain/bin/../lib/gcc/avr/4.8.1/avrxmega2\libgcc.a(_exit.o)
 *(.fini0)
                0x00003c16                _etext = .

.data           0x00802000       0xca load address 0x00003c16
                0x00802000                PROVIDE (__data_start, .)
 *(.data)
 .data          0x00802000        0x6 c:/program files (x86)/atmel/atmel toolchain/avr8 gcc/native/3.4.1061/avr8-gnu-toolchain/bin/../lib/gcc/avr/4.8.1/../../../../avr/lib/avrxmega2\libc.a(malloc.o)
                0x00802000                __malloc_heap_end
                0x00802002                __malloc_heap_start
                0x00802004                __malloc_margin
 *(.data*)
 .data.bitmap_atmel
                0x00802006        0x5 src/app_bitmaps.o
                0x00802006                bitmap_atmel
 .data.qdec_position_last.6621
                0x0080200b        0x2 src/app_sampling.o
 .data.app_sampling_rate
                0x0080200d        0x1 src/app_sampling.o
 .data.sysfont  0x0080200e        0x7 src/ASF/common/services/gfx_mono/sysfont.o
                0x0080200e                sysfont
 .data.sleepmgr_configs
                0x00802015        0x6 src/ASF/common/services/sleepmgr/xmega/sleepmgr.o
                0x00802015                sleepmgr_configs
 *(.rodata)
 *(.rodata*)
 .rodata.str1.1
                0x0080201b        0x9 src/app_cpu_load.o
 .rodata.str1.1
                0x00802024       0x35 src/app_sampling.o
 .rodata.str1.1
                0x00802059       0x71 src/main.o
 *(.gnu.linkonce.d*)
                0x008020ca                . = ALIGN (0x2)
                0x008020ca                _edata = .
                0x008020ca                PROVIDE (__data_end, .)

.bss            0x008020ca      0x2bd
                0x008020ca                PROVIDE (__bss_start, .)
 *(.bss)
 *(.bss*)
 .bss.bar_pos_last.6581
                0x008020ca        0x1 src/app_cpu_load.o
 .bss.app_cpu_load_time_sleep
                0x008020cb        0x4 src/app_cpu_load.o
 .bss.app_cpu_load_time_active
                0x008020cf        0x4 src/app_cpu_load.o
 .bss.app_cpu_load_sleep
                0x008020d3        0x1 src/app_cpu_load.o
 .bss.time_last.6615
                0x008020d4        0x1 src/app_sampling.o
 .bss.time_stamp.6614
                0x008020d5        0x2 src/app_sampling.o
 .bss.app_sampling_fifo_desc
                0x008020d7        0x6 src/app_sampling.o
 .bss.app_sampling_fifo_buffer
                0x008020dd       0x40 src/app_sampling.o
 .bss.light     0x0080211d        0x2 src/app_sampling.o
 .bss.adcch_conf
                0x0080211f        0xa src/app_sampling.o
 .bss.adc_mux_index
                0x00802129        0x1 src/app_sampling.o
 .bss.app_sampling_rtc_run
                0x0080212a        0x1 src/app_sampling.o
 .bss.qdec_config
                0x0080212b       0x1d src/app_sampling.o
 .bss.fbpointer
                0x00802148        0x2 src/ASF/common/services/gfx_mono/gfx_mono_framebuffer.o
 .bss.framebuffer
                0x0080214a      0x200 src/ASF/common/services/gfx_mono/gfx_mono_ug_2832hsweg04.o
 .bss.adca_enable_count
                0x0080234a        0x1 src/ASF/xmega/drivers/adc/adc.o
 .bss.tc45_tcd5_ccb_callback
                0x0080234b        0x2 src/ASF/xmega/drivers/tc45/tc45.o
 .bss.tc45_tcd5_cca_callback
                0x0080234d        0x2 src/ASF/xmega/drivers/tc45/tc45.o
 .bss.tc45_tcd5_err_callback
                0x0080234f        0x2 src/ASF/xmega/drivers/tc45/tc45.o
 .bss.tc45_tcd5_ovf_callback
                0x00802351        0x2 src/ASF/xmega/drivers/tc45/tc45.o
 .bss.tc45_tcc5_ccb_callback
                0x00802353        0x2 src/ASF/xmega/drivers/tc45/tc45.o
 .bss.tc45_tcc5_cca_callback
                0x00802355        0x2 src/ASF/xmega/drivers/tc45/tc45.o
 .bss.tc45_tcc5_err_callback
                0x00802357        0x2 src/ASF/xmega/drivers/tc45/tc45.o
 .bss.tc45_tcc5_ovf_callback
                0x00802359        0x2 src/ASF/xmega/drivers/tc45/tc45.o
 .bss.tc45_tcc4_ccd_callback
                0x0080235b        0x2 src/ASF/xmega/drivers/tc45/tc45.o
 .bss.tc45_tcc4_ccc_callback
                0x0080235d        0x2 src/ASF/xmega/drivers/tc45/tc45.o
 .bss.tc45_tcc4_ccb_callback
                0x0080235f        0x2 src/ASF/xmega/drivers/tc45/tc45.o
 .bss.tc45_tcc4_cca_callback
                0x00802361        0x2 src/ASF/xmega/drivers/tc45/tc45.o
 .bss.tc45_tcc4_err_callback
                0x00802363        0x2 src/ASF/xmega/drivers/tc45/tc45.o
 .bss.tc45_tcc4_ovf_callback
                0x00802365        0x2 src/ASF/xmega/drivers/tc45/tc45.o
 *(COMMON)
 COMMON         0x00802367        0x6 src/ASF/common/services/sleepmgr/xmega/sleepmgr.o
                0x00802367                sleepmgr_locks
 COMMON         0x0080236d        0x2 src/ASF/common/utils/stdio/read.o
                0x0080236d                ptr_get
 COMMON         0x0080236f        0x4 src/ASF/common/utils/stdio/write.o
                0x0080236f                ptr_put
                0x00802371                stdio_base
 COMMON         0x00802373        0x2 src/ASF/xmega/drivers/adc/adc.o
                0x00802373                adca_callback
 COMMON         0x00802375        0x8 src/ASF/xmega/drivers/rtc/rtc.o
                0x00802375                rtc_data
 COMMON         0x0080237d        0x6 c:/program files (x86)/atmel/atmel toolchain/avr8 gcc/native/3.4.1061/avr8-gnu-toolchain/bin/../lib/gcc/avr/4.8.1/../../../../avr/lib/avrxmega2\libc.a(iob.o)
                0x0080237d                __iob
 COMMON         0x00802383        0x4 c:/program files (x86)/atmel/atmel toolchain/avr8 gcc/native/3.4.1061/avr8-gnu-toolchain/bin/../lib/gcc/avr/4.8.1/../../../../avr/lib/avrxmega2\libc.a(malloc.o)
                0x00802383                __brkval
                0x00802385                __flp
                0x00802387                PROVIDE (__bss_end, .)
                0x00003c16                __data_load_start = LOADADDR (.data)
                0x00003ce0                __data_load_end = (__data_load_start + SIZEOF (.data))

.noinit         0x00802387        0x0
                0x00802387                PROVIDE (__noinit_start, .)
 *(.noinit*)
                0x00802387                PROVIDE (__noinit_end, .)
                0x00802387                _end = .
                0x00802387                PROVIDE (__heap_start, .)

.eeprom         0x00810000        0x0
 *(.eeprom*)
                0x00810000                __eeprom_end = .

.fuse
 *(.fuse)
 *(.lfuse)
 *(.hfuse)
 *(.efuse)

.lock
 *(.lock*)

.signature
 *(.signature*)

.user_signatures
 *(.user_signatures*)

.stab
 *(.stab)

.stabstr
 *(.stabstr)

.stab.excl
 *(.stab.excl)

.stab.exclstr
 *(.stab.exclstr)

.stab.index
 *(.stab.index)

.stab.indexstr
 *(.stab.indexstr)

.comment        0x00000000       0x5c
 *(.comment)
 .comment       0x00000000       0x30 src/app_bitmaps.o
                                 0x31 (size before relaxing)
 .comment       0x00000000       0x31 src/app_cpu_load.o
 .comment       0x00000000       0x31 src/app_sampling.o
 .comment       0x00000000       0x31 src/ASF/common/components/display/ssd1306/ssd1306.o
 .comment       0x00000000       0x31 src/ASF/common/services/clock/xmega/sysclk.o
 .comment       0x00000000       0x31 src/ASF/common/services/fifo/fifo.o
 .comment       0x00000000       0x31 src/ASF/common/services/gfx_mono/gfx_mono_framebuffer.o
 .comment       0x00000000       0x31 src/ASF/common/services/gfx_mono/gfx_mono_generic.o
 .comment       0x00000000       0x31 src/ASF/common/services/gfx_mono/gfx_mono_text.o
 .comment       0x00000000       0x31 src/ASF/common/services/gfx_mono/gfx_mono_ug_2832hsweg04.o
 .comment       0x00000000       0x31 src/ASF/common/services/gfx_mono/sysfont.o
 .comment       0x00000000       0x31 src/ASF/common/services/ioport/xmega/ioport_compat.o
 .comment       0x00000000       0x31 src/ASF/common/services/sleepmgr/xmega/sleepmgr.o
 .comment       0x00000000       0x31 src/ASF/common/services/spi/xmega_usart_spi/usart_spi.o
 .comment       0x00000000       0x31 src/ASF/common/utils/stdio/read.o
 .comment       0x00000000       0x31 src/ASF/common/utils/stdio/write.o
 .comment       0x00000000       0x31 src/ASF/xmega/boards/xmega_e5_xplained/init.o
 .comment       0x00000000       0x31 src/ASF/xmega/drivers/adc/adc.o
 .comment       0x00000000       0x31 src/ASF/xmega/drivers/adc/xmega_e/adc_e.o
 .comment       0x00000000       0x31 src/ASF/xmega/drivers/qdec/qdec.o
 .comment       0x00000000       0x31 src/ASF/xmega/drivers/rtc/rtc.o
 .comment       0x00000000       0x31 src/ASF/xmega/drivers/tc45/tc45.o
 .comment       0x00000000       0x31 src/ASF/xmega/drivers/usart/usart.o
 .comment       0x00000000       0x31 src/main.o
 .comment       0x00000000       0x31 c:/program files (x86)/atmel/atmel toolchain/avr8 gcc/native/3.4.1061/avr8-gnu-toolchain/bin/../lib/gcc/avr/4.8.1/../../../../avr/lib/avrxmega2\libc.a(fdevopen.o)
 .comment       0x00000000       0x31 c:/program files (x86)/atmel/atmel toolchain/avr8 gcc/native/3.4.1061/avr8-gnu-toolchain/bin/../lib/gcc/avr/4.8.1/../../../../avr/lib/avrxmega2\libc.a(iob.o)
 .comment       0x00000000       0x31 c:/program files (x86)/atmel/atmel toolchain/avr8 gcc/native/3.4.1061/avr8-gnu-toolchain/bin/../lib/gcc/avr/4.8.1/../../../../avr/lib/avrxmega2\libc.a(printf.o)
 .comment       0x00000000       0x31 c:/program files (x86)/atmel/atmel toolchain/avr8 gcc/native/3.4.1061/avr8-gnu-toolchain/bin/../lib/gcc/avr/4.8.1/../../../../avr/lib/avrxmega2\libc.a(sprintf.o)
 .comment       0x00000030       0x2c c:/program files (x86)/atmel/atmel toolchain/avr8 gcc/native/3.4.1061/avr8-gnu-toolchain/bin/../lib/gcc/avr/4.8.1/../../../../avr/lib/avrxmega2\libc.a(vfprintf_std.o)
                                 0x2d (size before relaxing)
 .comment       0x00000000       0x31 c:/program files (x86)/atmel/atmel toolchain/avr8 gcc/native/3.4.1061/avr8-gnu-toolchain/bin/../lib/gcc/avr/4.8.1/../../../../avr/lib/avrxmega2\libc.a(calloc.o)
 .comment       0x00000000       0x31 c:/program files (x86)/atmel/atmel toolchain/avr8 gcc/native/3.4.1061/avr8-gnu-toolchain/bin/../lib/gcc/avr/4.8.1/../../../../avr/lib/avrxmega2\libc.a(malloc.o)
 .comment       0x00000000       0x31 c:/program files (x86)/atmel/atmel toolchain/avr8 gcc/native/3.4.1061/avr8-gnu-toolchain/bin/../lib/gcc/avr/4.8.1/../../../../avr/lib/avrxmega2\libc.a(fputc.o)

.note.gnu.build-id
 *(.note.gnu.build-id)

.debug
 *(.debug)

.line
 *(.line)

.debug_srcinfo
 *(.debug_srcinfo)

.debug_sfnames
 *(.debug_sfnames)

.debug_aranges  0x00000000      0x6a0
 *(.debug_aranges)
 .debug_aranges
                0x00000000       0x18 src/app_bitmaps.o
 .debug_aranges
                0x00000018       0x38 src/app_cpu_load.o
 .debug_aranges
                0x00000050       0x48 src/app_sampling.o
 .debug_aranges
                0x00000098       0x30 src/ASF/common/components/display/ssd1306/ssd1306.o
 .debug_aranges
                0x000000c8       0x30 src/ASF/common/services/clock/xmega/sysclk.o
 .debug_aranges
                0x000000f8       0x20 src/ASF/common/services/fifo/fifo.o
 .debug_aranges
                0x00000118       0x58 src/ASF/common/services/gfx_mono/gfx_mono_framebuffer.o
 .debug_aranges
                0x00000170       0x58 src/ASF/common/services/gfx_mono/gfx_mono_generic.o
 .debug_aranges
                0x000001c8       0x40 src/ASF/common/services/gfx_mono/gfx_mono_text.o
 .debug_aranges
                0x00000208       0x68 src/ASF/common/services/gfx_mono/gfx_mono_ug_2832hsweg04.o
 .debug_aranges
                0x00000270       0x18 src/ASF/common/services/gfx_mono/sysfont.o
 .debug_aranges
                0x00000288       0x20 src/ASF/common/services/ioport/xmega/ioport_compat.o
 .debug_aranges
                0x000002a8       0x18 src/ASF/common/services/sleepmgr/xmega/sleepmgr.o
 .debug_aranges
                0x000002c0       0x48 src/ASF/common/services/spi/xmega_usart_spi/usart_spi.o
 .debug_aranges
                0x00000308       0x20 src/ASF/common/utils/stdio/read.o
 .debug_aranges
                0x00000328       0x20 src/ASF/common/utils/stdio/write.o
 .debug_aranges
                0x00000348       0x20 src/ASF/xmega/boards/xmega_e5_xplained/init.o
 .debug_aranges
                0x00000368       0x48 src/ASF/xmega/drivers/adc/adc.o
 .debug_aranges
                0x000003b0       0x40 src/ASF/xmega/drivers/adc/xmega_e/adc_e.o
 .debug_aranges
                0x000003f0       0x20 src/ASF/xmega/drivers/cpu/ccp.o
 .debug_aranges
                0x00000410       0x28 src/ASF/xmega/drivers/nvm/nvm_asm.o
 .debug_aranges
                0x00000438       0xa8 src/ASF/xmega/drivers/qdec/qdec.o
 .debug_aranges
                0x000004e0       0x60 src/ASF/xmega/drivers/rtc/rtc.o
 .debug_aranges
                0x00000540       0xc8 src/ASF/xmega/drivers/tc45/tc45.o
 .debug_aranges
                0x00000608       0x58 src/ASF/xmega/drivers/usart/usart.o
 .debug_aranges
                0x00000660       0x40 src/main.o

.debug_pubnames
 *(.debug_pubnames)

.debug_info     0x00000000    0x13f52
 *(.debug_info .gnu.linkonce.wi.*)
 .debug_info    0x00000000      0x3d4 src/app_bitmaps.o
 .debug_info    0x000003d4     0x1326 src/app_cpu_load.o
 .debug_info    0x000016fa     0x2676 src/app_sampling.o
 .debug_info    0x00003d70      0xf38 src/ASF/common/components/display/ssd1306/ssd1306.o
 .debug_info    0x00004ca8      0x7a8 src/ASF/common/services/clock/xmega/sysclk.o
 .debug_info    0x00005450      0x1b3 src/ASF/common/services/fifo/fifo.o
 .debug_info    0x00005603      0x483 src/ASF/common/services/gfx_mono/gfx_mono_framebuffer.o
 .debug_info    0x00005a86      0xc47 src/ASF/common/services/gfx_mono/gfx_mono_generic.o
 .debug_info    0x000066cd      0x723 src/ASF/common/services/gfx_mono/gfx_mono_text.o
 .debug_info    0x00006df0     0x1171 src/ASF/common/services/gfx_mono/gfx_mono_ug_2832hsweg04.o
 .debug_info    0x00007f61      0x188 src/ASF/common/services/gfx_mono/sysfont.o
 .debug_info    0x000080e9      0x11d src/ASF/common/services/ioport/xmega/ioport_compat.o
 .debug_info    0x00008206      0x121 src/ASF/common/services/sleepmgr/xmega/sleepmgr.o
 .debug_info    0x00008327      0xb50 src/ASF/common/services/spi/xmega_usart_spi/usart_spi.o
 .debug_info    0x00008e77      0x119 src/ASF/common/utils/stdio/read.o
 .debug_info    0x00008f90      0x119 src/ASF/common/utils/stdio/write.o
 .debug_info    0x000090a9      0x779 src/ASF/xmega/boards/xmega_e5_xplained/init.o
 .debug_info    0x00009822      0xa87 src/ASF/xmega/drivers/adc/adc.o
 .debug_info    0x0000a2a9      0xc87 src/ASF/xmega/drivers/adc/xmega_e/adc_e.o
 .debug_info    0x0000af30       0xb2 src/ASF/xmega/drivers/cpu/ccp.o
 .debug_info    0x0000afe2       0xb2 src/ASF/xmega/drivers/nvm/nvm_asm.o
 .debug_info    0x0000b094     0x2221 src/ASF/xmega/drivers/qdec/qdec.o
 .debug_info    0x0000d2b5      0x7a9 src/ASF/xmega/drivers/rtc/rtc.o
 .debug_info    0x0000da5e     0x183c src/ASF/xmega/drivers/tc45/tc45.o
 .debug_info    0x0000f29a     0x2d5c src/ASF/xmega/drivers/usart/usart.o
 .debug_info    0x00011ff6     0x1f5c src/main.o

.debug_abbrev   0x00000000     0x36bb
 *(.debug_abbrev)
 .debug_abbrev  0x00000000      0x11b src/app_bitmaps.o
 .debug_abbrev  0x0000011b      0x29c src/app_cpu_load.o
 .debug_abbrev  0x000003b7      0x447 src/app_sampling.o
 .debug_abbrev  0x000007fe      0x30f src/ASF/common/components/display/ssd1306/ssd1306.o
 .debug_abbrev  0x00000b0d      0x25f src/ASF/common/services/clock/xmega/sysclk.o
 .debug_abbrev  0x00000d6c       0xdb src/ASF/common/services/fifo/fifo.o
 .debug_abbrev  0x00000e47      0x18b src/ASF/common/services/gfx_mono/gfx_mono_framebuffer.o
 .debug_abbrev  0x00000fd2      0x1d6 src/ASF/common/services/gfx_mono/gfx_mono_generic.o
 .debug_abbrev  0x000011a8      0x23e src/ASF/common/services/gfx_mono/gfx_mono_text.o
 .debug_abbrev  0x000013e6      0x38a src/ASF/common/services/gfx_mono/gfx_mono_ug_2832hsweg04.o
 .debug_abbrev  0x00001770       0xde src/ASF/common/services/gfx_mono/sysfont.o
 .debug_abbrev  0x0000184e       0x93 src/ASF/common/services/ioport/xmega/ioport_compat.o
 .debug_abbrev  0x000018e1       0x80 src/ASF/common/services/sleepmgr/xmega/sleepmgr.o
 .debug_abbrev  0x00001961      0x2eb src/ASF/common/services/spi/xmega_usart_spi/usart_spi.o
 .debug_abbrev  0x00001c4c       0xc5 src/ASF/common/utils/stdio/read.o
 .debug_abbrev  0x00001d11       0xa7 src/ASF/common/utils/stdio/write.o
 .debug_abbrev  0x00001db8      0x160 src/ASF/xmega/boards/xmega_e5_xplained/init.o
 .debug_abbrev  0x00001f18      0x2ac src/ASF/xmega/drivers/adc/adc.o
 .debug_abbrev  0x000021c4      0x30e src/ASF/xmega/drivers/adc/xmega_e/adc_e.o
 .debug_abbrev  0x000024d2       0x14 src/ASF/xmega/drivers/cpu/ccp.o
 .debug_abbrev  0x000024e6       0x12 src/ASF/xmega/drivers/nvm/nvm_asm.o
 .debug_abbrev  0x000024f8      0x3a7 src/ASF/xmega/drivers/qdec/qdec.o
 .debug_abbrev  0x0000289f      0x310 src/ASF/xmega/drivers/rtc/rtc.o
 .debug_abbrev  0x00002baf      0x327 src/ASF/xmega/drivers/tc45/tc45.o
 .debug_abbrev  0x00002ed6      0x3e8 src/ASF/xmega/drivers/usart/usart.o
 .debug_abbrev  0x000032be      0x3fd src/main.o

.debug_line     0x00000000     0xda59
 *(.debug_line .debug_line.* .debug_line_end)
 .debug_line    0x00000000      0xad6 src/app_bitmaps.o
 .debug_line    0x00000ad6      0xc7a src/app_cpu_load.o
 .debug_line    0x00001750      0xeca src/app_sampling.o
 .debug_line    0x0000261a      0x974 src/ASF/common/components/display/ssd1306/ssd1306.o
 .debug_line    0x00002f8e      0x5da src/ASF/common/services/clock/xmega/sysclk.o
 .debug_line    0x00003568      0x3e2 src/ASF/common/services/fifo/fifo.o
 .debug_line    0x0000394a      0x92d src/ASF/common/services/gfx_mono/gfx_mono_framebuffer.o
 .debug_line    0x00004277      0xc18 src/ASF/common/services/gfx_mono/gfx_mono_generic.o
 .debug_line    0x00004e8f      0x9c3 src/ASF/common/services/gfx_mono/gfx_mono_text.o
 .debug_line    0x00005852      0xb26 src/ASF/common/services/gfx_mono/gfx_mono_ug_2832hsweg04.o
 .debug_line    0x00006378      0x7b3 src/ASF/common/services/gfx_mono/sysfont.o
 .debug_line    0x00006b2b      0x4a5 src/ASF/common/services/ioport/xmega/ioport_compat.o
 .debug_line    0x00006fd0      0x448 src/ASF/common/services/sleepmgr/xmega/sleepmgr.o
 .debug_line    0x00007418      0x7ab src/ASF/common/services/spi/xmega_usart_spi/usart_spi.o
 .debug_line    0x00007bc3      0x3c5 src/ASF/common/utils/stdio/read.o
 .debug_line    0x00007f88      0x3cc src/ASF/common/utils/stdio/write.o
 .debug_line    0x00008354      0x4f0 src/ASF/xmega/boards/xmega_e5_xplained/init.o
 .debug_line    0x00008844      0x739 src/ASF/xmega/drivers/adc/adc.o
 .debug_line    0x00008f7d      0x82e src/ASF/xmega/drivers/adc/xmega_e/adc_e.o
 .debug_line    0x000097ab       0x6e src/ASF/xmega/drivers/cpu/ccp.o
 .debug_line    0x00009819      0x11f src/ASF/xmega/drivers/nvm/nvm_asm.o
 .debug_line    0x00009938     0x1116 src/ASF/xmega/drivers/qdec/qdec.o
 .debug_line    0x0000aa4e      0x7d3 src/ASF/xmega/drivers/rtc/rtc.o
 .debug_line    0x0000b221      0xf59 src/ASF/xmega/drivers/tc45/tc45.o
 .debug_line    0x0000c17a      0xaf3 src/ASF/xmega/drivers/usart/usart.o
 .debug_line    0x0000cc6d      0xdec src/main.o

.debug_frame    0x00000000     0x1588
 *(.debug_frame)
 .debug_frame   0x00000000       0x7c src/app_cpu_load.o
 .debug_frame   0x0000007c       0xf0 src/app_sampling.o
 .debug_frame   0x0000016c       0xe8 src/ASF/common/components/display/ssd1306/ssd1306.o
 .debug_frame   0x00000254       0x44 src/ASF/common/services/clock/xmega/sysclk.o
 .debug_frame   0x00000298       0x24 src/ASF/common/services/fifo/fifo.o
 .debug_frame   0x000002bc       0xd0 src/ASF/common/services/gfx_mono/gfx_mono_framebuffer.o
 .debug_frame   0x0000038c      0x21c src/ASF/common/services/gfx_mono/gfx_mono_generic.o
 .debug_frame   0x000005a8       0xec src/ASF/common/services/gfx_mono/gfx_mono_text.o
 .debug_frame   0x00000694      0x18c src/ASF/common/services/gfx_mono/gfx_mono_ug_2832hsweg04.o
 .debug_frame   0x00000820       0x30 src/ASF/common/services/ioport/xmega/ioport_compat.o
 .debug_frame   0x00000850       0x90 src/ASF/common/services/spi/xmega_usart_spi/usart_spi.o
 .debug_frame   0x000008e0       0x34 src/ASF/common/utils/stdio/read.o
 .debug_frame   0x00000914       0x24 src/ASF/common/utils/stdio/write.o
 .debug_frame   0x00000938       0x24 src/ASF/xmega/boards/xmega_e5_xplained/init.o
 .debug_frame   0x0000095c       0x8c src/ASF/xmega/drivers/adc/adc.o
 .debug_frame   0x000009e8      0x124 src/ASF/xmega/drivers/adc/xmega_e/adc_e.o
 .debug_frame   0x00000b0c      0x1a8 src/ASF/xmega/drivers/qdec/qdec.o
 .debug_frame   0x00000cb4      0x15c src/ASF/xmega/drivers/rtc/rtc.o
 .debug_frame   0x00000e10      0x574 src/ASF/xmega/drivers/tc45/tc45.o
 .debug_frame   0x00001384      0x148 src/ASF/xmega/drivers/usart/usart.o
 .debug_frame   0x000014cc       0xbc src/main.o

.debug_str      0x00000000    0x301b2
 *(.debug_str)
 .debug_str     0x00000000    0x2aa29 src/app_bitmaps.o
                              0x2afcc (size before relaxing)
 .debug_str     0x0002aa29      0xf80 src/app_cpu_load.o
                              0x2bf2f (size before relaxing)
 .debug_str     0x0002b9a9     0x105e src/app_sampling.o
                              0x2cf24 (size before relaxing)
 .debug_str     0x0002ca07      0x264 src/ASF/common/components/display/ssd1306/ssd1306.o
                              0x281c0 (size before relaxing)
 .debug_str     0x0002cc6b      0x22b src/ASF/common/services/clock/xmega/sysclk.o
                              0x26dca (size before relaxing)
 .debug_str     0x0002ce96       0x63 src/ASF/common/services/fifo/fifo.o
                              0x24e10 (size before relaxing)
 .debug_str     0x0002cef9      0x1a2 src/ASF/common/services/gfx_mono/gfx_mono_framebuffer.o
                              0x285da (size before relaxing)
 .debug_str     0x0002d09b      0x1bd src/ASF/common/services/gfx_mono/gfx_mono_generic.o
                              0x2871d (size before relaxing)
 .debug_str     0x0002d258      0x1cf src/ASF/common/services/gfx_mono/gfx_mono_text.o
                              0x286c2 (size before relaxing)
 .debug_str     0x0002d427      0x127 src/ASF/common/services/gfx_mono/gfx_mono_ug_2832hsweg04.o
                              0x2899e (size before relaxing)
 .debug_str     0x0002d54e       0x3d src/ASF/common/services/gfx_mono/sysfont.o
                              0x2950e (size before relaxing)
 .debug_str     0x0002d58b       0xab src/ASF/common/services/ioport/xmega/ioport_compat.o
                              0x253da (size before relaxing)
 .debug_str     0x0002d636       0xb3 src/ASF/common/services/sleepmgr/xmega/sleepmgr.o
                              0x25200 (size before relaxing)
 .debug_str     0x0002d6e9      0x1f8 src/ASF/common/services/spi/xmega_usart_spi/usart_spi.o
                              0x27631 (size before relaxing)
 .debug_str     0x0002d8e1       0x2b src/ASF/common/utils/stdio/read.o
                              0x24d70 (size before relaxing)
 .debug_str     0x0002d90c       0x2d src/ASF/common/utils/stdio/write.o
                              0x24d72 (size before relaxing)
 .debug_str     0x0002d939       0xd8 src/ASF/xmega/boards/xmega_e5_xplained/init.o
                              0x26725 (size before relaxing)
 .debug_str     0x0002da11      0x338 src/ASF/xmega/drivers/adc/adc.o
                              0x279fd (size before relaxing)
 .debug_str     0x0002dd49      0x44f src/ASF/xmega/drivers/adc/xmega_e/adc_e.o
                              0x27b3f (size before relaxing)
 .debug_str     0x0002e198     0x102c src/ASF/xmega/drivers/qdec/qdec.o
                              0x2c7bc (size before relaxing)
 .debug_str     0x0002f1c4      0x2e7 src/ASF/xmega/drivers/rtc/rtc.o
                              0x272fa (size before relaxing)
 .debug_str     0x0002f4ab      0x42e src/ASF/xmega/drivers/tc45/tc45.o
                              0x2b82e (size before relaxing)
 .debug_str     0x0002f8d9      0x665 src/ASF/xmega/drivers/usart/usart.o
                              0x28283 (size before relaxing)
 .debug_str     0x0002ff3e      0x274 src/main.o
                              0x2c3f6 (size before relaxing)

.debug_loc      0x00000000     0x70a4
 *(.debug_loc)
 .debug_loc     0x00000000      0x111 src/app_cpu_load.o
 .debug_loc     0x00000111      0x4ab src/app_sampling.o
 .debug_loc     0x000005bc      0x4b4 src/ASF/common/components/display/ssd1306/ssd1306.o
 .debug_loc     0x00000a70      0x217 src/ASF/common/services/clock/xmega/sysclk.o
 .debug_loc     0x00000c87       0x53 src/ASF/common/services/fifo/fifo.o
 .debug_loc     0x00000cda      0x592 src/ASF/common/services/gfx_mono/gfx_mono_framebuffer.o
 .debug_loc     0x0000126c     0x10aa src/ASF/common/services/gfx_mono/gfx_mono_generic.o
 .debug_loc     0x00002316      0x957 src/ASF/common/services/gfx_mono/gfx_mono_text.o
 .debug_loc     0x00002c6d      0xaec src/ASF/common/services/gfx_mono/gfx_mono_ug_2832hsweg04.o
 .debug_loc     0x00003759       0x66 src/ASF/common/services/ioport/xmega/ioport_compat.o
 .debug_loc     0x000037bf      0x50c src/ASF/common/services/spi/xmega_usart_spi/usart_spi.o
 .debug_loc     0x00003ccb       0x6e src/ASF/common/utils/stdio/read.o
 .debug_loc     0x00003d39       0x52 src/ASF/common/utils/stdio/write.o
 .debug_loc     0x00003d8b      0x196 src/ASF/xmega/drivers/adc/adc.o
 .debug_loc     0x00003f21      0x587 src/ASF/xmega/drivers/adc/xmega_e/adc_e.o
 .debug_loc     0x000044a8      0x9d9 src/ASF/xmega/drivers/qdec/qdec.o
 .debug_loc     0x00004e81      0x302 src/ASF/xmega/drivers/rtc/rtc.o
 .debug_loc     0x00005183      0xcf4 src/ASF/xmega/drivers/tc45/tc45.o
 .debug_loc     0x00005e77      0xebd src/ASF/xmega/drivers/usart/usart.o
 .debug_loc     0x00006d34      0x370 src/main.o

.debug_macinfo
 *(.debug_macinfo)

.debug_weaknames
 *(.debug_weaknames)

.debug_funcnames
 *(.debug_funcnames)

.debug_typenames
 *(.debug_typenames)

.debug_varnames
 *(.debug_varnames)

.debug_pubtypes
 *(.debug_pubtypes)

.debug_ranges   0x00000000      0x708
 *(.debug_ranges)
 .debug_ranges  0x00000000       0x28 src/app_cpu_load.o
 .debug_ranges  0x00000028       0x38 src/app_sampling.o
 .debug_ranges  0x00000060       0x98 src/ASF/common/components/display/ssd1306/ssd1306.o
 .debug_ranges  0x000000f8       0x20 src/ASF/common/services/clock/xmega/sysclk.o
 .debug_ranges  0x00000118       0x10 src/ASF/common/services/fifo/fifo.o
 .debug_ranges  0x00000128       0x48 src/ASF/common/services/gfx_mono/gfx_mono_framebuffer.o
 .debug_ranges  0x00000170       0x48 src/ASF/common/services/gfx_mono/gfx_mono_generic.o
 .debug_ranges  0x000001b8       0x30 src/ASF/common/services/gfx_mono/gfx_mono_text.o
 .debug_ranges  0x000001e8       0xb8 src/ASF/common/services/gfx_mono/gfx_mono_ug_2832hsweg04.o
 .debug_ranges  0x000002a0       0x10 src/ASF/common/services/ioport/xmega/ioport_compat.o
 .debug_ranges  0x000002b0       0x98 src/ASF/common/services/spi/xmega_usart_spi/usart_spi.o
 .debug_ranges  0x00000348       0x10 src/ASF/common/utils/stdio/read.o
 .debug_ranges  0x00000358       0x10 src/ASF/common/utils/stdio/write.o
 .debug_ranges  0x00000368       0x10 src/ASF/xmega/boards/xmega_e5_xplained/init.o
 .debug_ranges  0x00000378       0x38 src/ASF/xmega/drivers/adc/adc.o
 .debug_ranges  0x000003b0       0x30 src/ASF/xmega/drivers/adc/xmega_e/adc_e.o
 .debug_ranges  0x000003e0       0x20 src/ASF/xmega/drivers/nvm/nvm_asm.o
 .debug_ranges  0x00000400       0xe8 src/ASF/xmega/drivers/qdec/qdec.o
 .debug_ranges  0x000004e8       0x50 src/ASF/xmega/drivers/rtc/rtc.o
 .debug_ranges  0x00000538       0xb8 src/ASF/xmega/drivers/tc45/tc45.o
 .debug_ranges  0x000005f0       0x80 src/ASF/xmega/drivers/usart/usart.o
 .debug_ranges  0x00000670       0x98 src/main.o

.debug_macro    0x00000000     0xde30
 *(.debug_macro)
 .debug_macro   0x00000000      0x40a src/app_bitmaps.o
 .debug_macro   0x0000040a      0xa48 src/app_bitmaps.o
 .debug_macro   0x00000e52       0x10 src/app_bitmaps.o
 .debug_macro   0x00000e62      0x1ad src/app_bitmaps.o
 .debug_macro   0x0000100f      0x293 src/app_bitmaps.o
 .debug_macro   0x000012a2       0x9e src/app_bitmaps.o
 .debug_macro   0x00001340     0x6220 src/app_bitmaps.o
 .debug_macro   0x00007560       0x9a src/app_bitmaps.o
 .debug_macro   0x000075fa       0xf1 src/app_bitmaps.o
 .debug_macro   0x000076eb       0x34 src/app_bitmaps.o
 .debug_macro   0x0000771f       0x10 src/app_bitmaps.o
 .debug_macro   0x0000772f       0x18 src/app_bitmaps.o
 .debug_macro   0x00007747       0x5e src/app_bitmaps.o
 .debug_macro   0x000077a5       0x10 src/app_bitmaps.o
 .debug_macro   0x000077b5       0x22 src/app_bitmaps.o
 .debug_macro   0x000077d7      0x166 src/app_bitmaps.o
 .debug_macro   0x0000793d       0x1c src/app_bitmaps.o
 .debug_macro   0x00007959       0x35 src/app_bitmaps.o
 .debug_macro   0x0000798e       0x66 src/app_bitmaps.o
 .debug_macro   0x000079f4      0x4b5 src/app_bitmaps.o
 .debug_macro   0x00007ea9       0x97 src/app_bitmaps.o
 .debug_macro   0x00007f40       0x17 src/app_bitmaps.o
 .debug_macro   0x00007f57      0x250 src/app_bitmaps.o
 .debug_macro   0x000081a7       0x76 src/app_bitmaps.o
 .debug_macro   0x0000821d       0x16 src/app_bitmaps.o
 .debug_macro   0x00008233      0x6e0 src/app_bitmaps.o
 .debug_macro   0x00008913       0x10 src/app_bitmaps.o
 .debug_macro   0x00008923      0x175 src/app_bitmaps.o
 .debug_macro   0x00008a98       0x40 src/app_bitmaps.o
 .debug_macro   0x00008ad8       0x69 src/app_bitmaps.o
 .debug_macro   0x00008b41       0x16 src/app_bitmaps.o
 .debug_macro   0x00008b57       0x32 src/app_bitmaps.o
 .debug_macro   0x00008b89       0xe4 src/app_bitmaps.o
 .debug_macro   0x00008c6d       0x16 src/app_bitmaps.o
 .debug_macro   0x00008c83       0x20 src/app_bitmaps.o
 .debug_macro   0x00008ca3       0x10 src/app_bitmaps.o
 .debug_macro   0x00008cb3       0x5e src/app_bitmaps.o
 .debug_macro   0x00008d11       0x22 src/app_bitmaps.o
 .debug_macro   0x00008d33      0x237 src/app_bitmaps.o
 .debug_macro   0x00008f6a      0x1e5 src/app_bitmaps.o
 .debug_macro   0x0000914f       0x6c src/app_bitmaps.o
 .debug_macro   0x000091bb       0x2f src/app_bitmaps.o
 .debug_macro   0x000091ea      0x169 src/app_bitmaps.o
 .debug_macro   0x00009353       0xbf src/app_bitmaps.o
 .debug_macro   0x00009412       0x34 src/app_bitmaps.o
 .debug_macro   0x00009446       0x28 src/app_bitmaps.o
 .debug_macro   0x0000946e       0x22 src/app_bitmaps.o
 .debug_macro   0x00009490       0x7c src/app_bitmaps.o
 .debug_macro   0x0000950c      0x10f src/app_bitmaps.o
 .debug_macro   0x0000961b       0x3a src/app_bitmaps.o
 .debug_macro   0x00009655       0xee src/app_bitmaps.o
 .debug_macro   0x00009743       0x34 src/app_bitmaps.o
 .debug_macro   0x00009777       0x2e src/app_bitmaps.o
 .debug_macro   0x000097a5       0x12 src/app_bitmaps.o
 .debug_macro   0x000097b7       0x88 src/app_bitmaps.o
 .debug_macro   0x0000983f       0x78 src/app_bitmaps.o
 .debug_macro   0x000098b7       0x3a src/app_bitmaps.o
 .debug_macro   0x000098f1       0x46 src/app_bitmaps.o
 .debug_macro   0x00009937       0x10 src/app_bitmaps.o
 .debug_macro   0x00009947       0x10 src/app_bitmaps.o
 .debug_macro   0x00009957       0x58 src/app_bitmaps.o
 .debug_macro   0x000099af       0x10 src/app_bitmaps.o
 .debug_macro   0x000099bf       0xeb src/app_bitmaps.o
 .debug_macro   0x00009aaa       0x5a src/app_bitmaps.o
 .debug_macro   0x00009b04       0x1c src/app_bitmaps.o
 .debug_macro   0x00009b20      0x417 src/app_cpu_load.o
 .debug_macro   0x00009f37      0x11e src/app_cpu_load.o
 .debug_macro   0x0000a055      0x42f src/app_sampling.o
 .debug_macro   0x0000a484      0x28c src/ASF/common/components/display/ssd1306/ssd1306.o
 .debug_macro   0x0000a710      0x1e1 src/ASF/common/services/clock/xmega/sysclk.o
 .debug_macro   0x0000a8f1      0x186 src/ASF/common/services/fifo/fifo.o
 .debug_macro   0x0000aa77      0x2bb src/ASF/common/services/gfx_mono/gfx_mono_framebuffer.o
 .debug_macro   0x0000ad32      0x299 src/ASF/common/services/gfx_mono/gfx_mono_framebuffer.o
 .debug_macro   0x0000afcb      0x2bb src/ASF/common/services/gfx_mono/gfx_mono_generic.o
 .debug_macro   0x0000b286      0x2e2 src/ASF/common/services/gfx_mono/gfx_mono_text.o
 .debug_macro   0x0000b568       0xaa src/ASF/common/services/gfx_mono/gfx_mono_text.o
 .debug_macro   0x0000b612      0x2c7 src/ASF/common/services/gfx_mono/gfx_mono_ug_2832hsweg04.o
 .debug_macro   0x0000b8d9      0x2e8 src/ASF/common/services/gfx_mono/sysfont.o
 .debug_macro   0x0000bbc1      0x1a2 src/ASF/common/services/ioport/xmega/ioport_compat.o
 .debug_macro   0x0000bd63      0x1b2 src/ASF/common/services/sleepmgr/xmega/sleepmgr.o
 .debug_macro   0x0000bf15      0x243 src/ASF/common/services/spi/xmega_usart_spi/usart_spi.o
 .debug_macro   0x0000c158      0x17c src/ASF/common/utils/stdio/read.o
 .debug_macro   0x0000c2d4      0x17c src/ASF/common/utils/stdio/write.o
 .debug_macro   0x0000c450      0x1c4 src/ASF/xmega/boards/xmega_e5_xplained/init.o
 .debug_macro   0x0000c614       0x22 src/ASF/xmega/boards/xmega_e5_xplained/init.o
 .debug_macro   0x0000c636      0x231 src/ASF/xmega/boards/xmega_e5_xplained/init.o
 .debug_macro   0x0000c867      0x23e src/ASF/xmega/drivers/adc/adc.o
 .debug_macro   0x0000caa5      0x23e src/ASF/xmega/drivers/adc/xmega_e/adc_e.o
 .debug_macro   0x0000cce3      0x4c2 src/ASF/xmega/drivers/qdec/qdec.o
 .debug_macro   0x0000d1a5      0x236 src/ASF/xmega/drivers/rtc/rtc.o
 .debug_macro   0x0000d3db      0x404 src/ASF/xmega/drivers/tc45/tc45.o
 .debug_macro   0x0000d7df      0x230 src/ASF/xmega/drivers/usart/usart.o
 .debug_macro   0x0000da0f      0x421 src/main.o
OUTPUT(XMEGA_E5_XPLAINED_DEMO1.elf elf32-avr)
LOAD linker stubs

.BOOT           0x00008000        0x0
