Archive member included because of file (symbol)

c:/program files (x86)/atmel/atmel toolchain/avr8 gcc/native/3.4.1061/avr8-gnu-toolchain/bin/../lib/gcc/avr/4.8.1/avrxmega2\libgcc.a(_udivmodsi4.o)
                              src/rtc_example.o (__udivmodsi4)
c:/program files (x86)/atmel/atmel toolchain/avr8 gcc/native/3.4.1061/avr8-gnu-toolchain/bin/../lib/gcc/avr/4.8.1/avrxmega2\libgcc.a(_exit.o)
                              c:/program files (x86)/atmel/atmel toolchain/avr8 gcc/native/3.4.1061/avr8-gnu-toolchain/bin/../lib/gcc/avr/4.8.1/../../../../avr/lib/avrxmega2/crtx32e5.o (exit)
c:/program files (x86)/atmel/atmel toolchain/avr8 gcc/native/3.4.1061/avr8-gnu-toolchain/bin/../lib/gcc/avr/4.8.1/avrxmega2\libgcc.a(_copy_data.o)
                              src/ASF/common/services/sleepmgr/xmega/sleepmgr.o (__do_copy_data)
c:/program files (x86)/atmel/atmel toolchain/avr8 gcc/native/3.4.1061/avr8-gnu-toolchain/bin/../lib/gcc/avr/4.8.1/avrxmega2\libgcc.a(_clear_bss.o)
                              src/ASF/common/services/sleepmgr/xmega/sleepmgr.o (__do_clear_bss)

Allocating common symbols
Common symbol       size              file

rtc_data            0x8               src/ASF/xmega/drivers/rtc/rtc.o
sleepmgr_locks      0x6               src/ASF/common/services/sleepmgr/xmega/sleepmgr.o

Discarded input sections

 .data          0x00000000        0x0 c:/program files (x86)/atmel/atmel toolchain/avr8 gcc/native/3.4.1061/avr8-gnu-toolchain/bin/../lib/gcc/avr/4.8.1/../../../../avr/lib/avrxmega2/crtx32e5.o
 .bss           0x00000000        0x0 c:/program files (x86)/atmel/atmel toolchain/avr8 gcc/native/3.4.1061/avr8-gnu-toolchain/bin/../lib/gcc/avr/4.8.1/../../../../avr/lib/avrxmega2/crtx32e5.o
 .group         0x00000000        0x8 src/ASF/common/services/clock/xmega/sysclk.o
 .group         0x00000000        0x8 src/ASF/common/services/clock/xmega/sysclk.o
 .group         0x00000000        0x8 src/ASF/common/services/clock/xmega/sysclk.o
 .group         0x00000000        0x8 src/ASF/common/services/clock/xmega/sysclk.o
 .group         0x00000000        0x8 src/ASF/common/services/clock/xmega/sysclk.o
 .group         0x00000000        0x8 src/ASF/common/services/clock/xmega/sysclk.o
 .group         0x00000000        0x8 src/ASF/common/services/clock/xmega/sysclk.o
 .group         0x00000000        0x8 src/ASF/common/services/clock/xmega/sysclk.o
 .group         0x00000000        0x8 src/ASF/common/services/clock/xmega/sysclk.o
 .group         0x00000000        0x8 src/ASF/common/services/clock/xmega/sysclk.o
 .group         0x00000000        0x8 src/ASF/common/services/clock/xmega/sysclk.o
 .group         0x00000000        0x8 src/ASF/common/services/clock/xmega/sysclk.o
 .group         0x00000000        0x8 src/ASF/common/services/clock/xmega/sysclk.o
 .group         0x00000000        0x8 src/ASF/common/services/clock/xmega/sysclk.o
 .group         0x00000000        0x8 src/ASF/common/services/clock/xmega/sysclk.o
 .group         0x00000000        0x8 src/ASF/common/services/clock/xmega/sysclk.o
 .group         0x00000000        0x8 src/ASF/common/services/clock/xmega/sysclk.o
 .group         0x00000000        0x8 src/ASF/common/services/clock/xmega/sysclk.o
 .group         0x00000000        0x8 src/ASF/common/services/clock/xmega/sysclk.o
 .group         0x00000000        0x8 src/ASF/common/services/clock/xmega/sysclk.o
 .group         0x00000000        0x8 src/ASF/common/services/clock/xmega/sysclk.o
 .group         0x00000000        0x8 src/ASF/common/services/clock/xmega/sysclk.o
 .group         0x00000000        0x8 src/ASF/common/services/clock/xmega/sysclk.o
 .group         0x00000000        0x8 src/ASF/common/services/clock/xmega/sysclk.o
 .group         0x00000000        0x8 src/ASF/common/services/clock/xmega/sysclk.o
 .group         0x00000000        0x8 src/ASF/common/services/clock/xmega/sysclk.o
 .group         0x00000000        0x8 src/ASF/common/services/clock/xmega/sysclk.o
 .group         0x00000000        0x8 src/ASF/common/services/clock/xmega/sysclk.o
 .group         0x00000000        0x8 src/ASF/common/services/clock/xmega/sysclk.o
 .group         0x00000000        0x8 src/ASF/common/services/clock/xmega/sysclk.o
 .group         0x00000000        0x8 src/ASF/common/services/clock/xmega/sysclk.o
 .group         0x00000000        0x8 src/ASF/common/services/clock/xmega/sysclk.o
 .group         0x00000000        0x8 src/ASF/common/services/clock/xmega/sysclk.o
 .group         0x00000000        0x8 src/ASF/common/services/clock/xmega/sysclk.o
 .group         0x00000000        0x8 src/ASF/common/services/clock/xmega/sysclk.o
 .group         0x00000000        0x8 src/ASF/common/services/clock/xmega/sysclk.o
 .group         0x00000000        0x8 src/ASF/common/services/clock/xmega/sysclk.o
 .text          0x00000000        0x0 src/ASF/common/services/clock/xmega/sysclk.o
 .data          0x00000000        0x0 src/ASF/common/services/clock/xmega/sysclk.o
 .bss           0x00000000        0x0 src/ASF/common/services/clock/xmega/sysclk.o
 .text.sysclk_disable_module
                0x00000000       0x16 src/ASF/common/services/clock/xmega/sysclk.o
 .group         0x00000000        0x8 src/ASF/common/services/ioport/xmega/ioport_compat.o
 .group         0x00000000        0x8 src/ASF/common/services/ioport/xmega/ioport_compat.o
 .group         0x00000000        0x8 src/ASF/common/services/ioport/xmega/ioport_compat.o
 .group         0x00000000        0x8 src/ASF/common/services/ioport/xmega/ioport_compat.o
 .group         0x00000000        0x8 src/ASF/common/services/ioport/xmega/ioport_compat.o
 .group         0x00000000        0x8 src/ASF/common/services/ioport/xmega/ioport_compat.o
 .group         0x00000000        0x8 src/ASF/common/services/ioport/xmega/ioport_compat.o
 .group         0x00000000        0x8 src/ASF/common/services/ioport/xmega/ioport_compat.o
 .group         0x00000000        0x8 src/ASF/common/services/ioport/xmega/ioport_compat.o
 .group         0x00000000        0x8 src/ASF/common/services/ioport/xmega/ioport_compat.o
 .group         0x00000000        0x8 src/ASF/common/services/ioport/xmega/ioport_compat.o
 .group         0x00000000        0x8 src/ASF/common/services/ioport/xmega/ioport_compat.o
 .group         0x00000000        0x8 src/ASF/common/services/ioport/xmega/ioport_compat.o
 .group         0x00000000        0x8 src/ASF/common/services/ioport/xmega/ioport_compat.o
 .group         0x00000000        0x8 src/ASF/common/services/ioport/xmega/ioport_compat.o
 .group         0x00000000        0x8 src/ASF/common/services/ioport/xmega/ioport_compat.o
 .group         0x00000000        0x8 src/ASF/common/services/ioport/xmega/ioport_compat.o
 .group         0x00000000        0x8 src/ASF/common/services/ioport/xmega/ioport_compat.o
 .group         0x00000000        0x8 src/ASF/common/services/ioport/xmega/ioport_compat.o
 .group         0x00000000        0x8 src/ASF/common/services/ioport/xmega/ioport_compat.o
 .group         0x00000000        0x8 src/ASF/common/services/ioport/xmega/ioport_compat.o
 .group         0x00000000        0x8 src/ASF/common/services/ioport/xmega/ioport_compat.o
 .group         0x00000000        0x8 src/ASF/common/services/ioport/xmega/ioport_compat.o
 .group         0x00000000        0x8 src/ASF/common/services/ioport/xmega/ioport_compat.o
 .group         0x00000000        0x8 src/ASF/common/services/ioport/xmega/ioport_compat.o
 .group         0x00000000        0x8 src/ASF/common/services/ioport/xmega/ioport_compat.o
 .group         0x00000000        0x8 src/ASF/common/services/ioport/xmega/ioport_compat.o
 .group         0x00000000        0x8 src/ASF/common/services/ioport/xmega/ioport_compat.o
 .group         0x00000000        0x8 src/ASF/common/services/ioport/xmega/ioport_compat.o
 .group         0x00000000        0x8 src/ASF/common/services/ioport/xmega/ioport_compat.o
 .group         0x00000000        0x8 src/ASF/common/services/ioport/xmega/ioport_compat.o
 .group         0x00000000        0x8 src/ASF/common/services/ioport/xmega/ioport_compat.o
 .group         0x00000000        0x8 src/ASF/common/services/ioport/xmega/ioport_compat.o
 .text          0x00000000        0x0 src/ASF/common/services/ioport/xmega/ioport_compat.o
 .data          0x00000000        0x0 src/ASF/common/services/ioport/xmega/ioport_compat.o
 .bss           0x00000000        0x0 src/ASF/common/services/ioport/xmega/ioport_compat.o
 .debug_macro   0x00000000      0xa3c src/ASF/common/services/ioport/xmega/ioport_compat.o
 .debug_macro   0x00000000      0x4d1 src/ASF/common/services/ioport/xmega/ioport_compat.o
 .debug_macro   0x00000000       0x10 src/ASF/common/services/ioport/xmega/ioport_compat.o
 .debug_macro   0x00000000      0x1ad src/ASF/common/services/ioport/xmega/ioport_compat.o
 .debug_macro   0x00000000      0x293 src/ASF/common/services/ioport/xmega/ioport_compat.o
 .debug_macro   0x00000000       0x9e src/ASF/common/services/ioport/xmega/ioport_compat.o
 .debug_macro   0x00000000     0x6220 src/ASF/common/services/ioport/xmega/ioport_compat.o
 .debug_macro   0x00000000       0x9a src/ASF/common/services/ioport/xmega/ioport_compat.o
 .debug_macro   0x00000000       0xf1 src/ASF/common/services/ioport/xmega/ioport_compat.o
 .debug_macro   0x00000000       0x34 src/ASF/common/services/ioport/xmega/ioport_compat.o
 .debug_macro   0x00000000       0x10 src/ASF/common/services/ioport/xmega/ioport_compat.o
 .debug_macro   0x00000000       0x18 src/ASF/common/services/ioport/xmega/ioport_compat.o
 .debug_macro   0x00000000       0x5e src/ASF/common/services/ioport/xmega/ioport_compat.o
 .debug_macro   0x00000000       0x10 src/ASF/common/services/ioport/xmega/ioport_compat.o
 .debug_macro   0x00000000       0x22 src/ASF/common/services/ioport/xmega/ioport_compat.o
 .debug_macro   0x00000000      0x166 src/ASF/common/services/ioport/xmega/ioport_compat.o
 .debug_macro   0x00000000       0x1c src/ASF/common/services/ioport/xmega/ioport_compat.o
 .debug_macro   0x00000000       0x35 src/ASF/common/services/ioport/xmega/ioport_compat.o
 .debug_macro   0x00000000       0x66 src/ASF/common/services/ioport/xmega/ioport_compat.o
 .debug_macro   0x00000000       0x97 src/ASF/common/services/ioport/xmega/ioport_compat.o
 .debug_macro   0x00000000       0x17 src/ASF/common/services/ioport/xmega/ioport_compat.o
 .debug_macro   0x00000000      0x250 src/ASF/common/services/ioport/xmega/ioport_compat.o
 .debug_macro   0x00000000       0x76 src/ASF/common/services/ioport/xmega/ioport_compat.o
 .debug_macro   0x00000000       0x16 src/ASF/common/services/ioport/xmega/ioport_compat.o
 .debug_macro   0x00000000      0x6e3 src/ASF/common/services/ioport/xmega/ioport_compat.o
 .debug_macro   0x00000000       0x10 src/ASF/common/services/ioport/xmega/ioport_compat.o
 .debug_macro   0x00000000      0x175 src/ASF/common/services/ioport/xmega/ioport_compat.o
 .debug_macro   0x00000000       0x40 src/ASF/common/services/ioport/xmega/ioport_compat.o
 .debug_macro   0x00000000       0x69 src/ASF/common/services/ioport/xmega/ioport_compat.o
 .debug_macro   0x00000000       0x32 src/ASF/common/services/ioport/xmega/ioport_compat.o
 .debug_macro   0x00000000       0xe4 src/ASF/common/services/ioport/xmega/ioport_compat.o
 .group         0x00000000        0x8 src/ASF/common/services/sleepmgr/xmega/sleepmgr.o
 .group         0x00000000        0x8 src/ASF/common/services/sleepmgr/xmega/sleepmgr.o
 .group         0x00000000        0x8 src/ASF/common/services/sleepmgr/xmega/sleepmgr.o
 .group         0x00000000        0x8 src/ASF/common/services/sleepmgr/xmega/sleepmgr.o
 .group         0x00000000        0x8 src/ASF/common/services/sleepmgr/xmega/sleepmgr.o
 .group         0x00000000        0x8 src/ASF/common/services/sleepmgr/xmega/sleepmgr.o
 .group         0x00000000        0x8 src/ASF/common/services/sleepmgr/xmega/sleepmgr.o
 .group         0x00000000        0x8 src/ASF/common/services/sleepmgr/xmega/sleepmgr.o
 .group         0x00000000        0x8 src/ASF/common/services/sleepmgr/xmega/sleepmgr.o
 .group         0x00000000        0x8 src/ASF/common/services/sleepmgr/xmega/sleepmgr.o
 .group         0x00000000        0x8 src/ASF/common/services/sleepmgr/xmega/sleepmgr.o
 .group         0x00000000        0x8 src/ASF/common/services/sleepmgr/xmega/sleepmgr.o
 .group         0x00000000        0x8 src/ASF/common/services/sleepmgr/xmega/sleepmgr.o
 .group         0x00000000        0x8 src/ASF/common/services/sleepmgr/xmega/sleepmgr.o
 .group         0x00000000        0x8 src/ASF/common/services/sleepmgr/xmega/sleepmgr.o
 .group         0x00000000        0x8 src/ASF/common/services/sleepmgr/xmega/sleepmgr.o
 .group         0x00000000        0x8 src/ASF/common/services/sleepmgr/xmega/sleepmgr.o
 .group         0x00000000        0x8 src/ASF/common/services/sleepmgr/xmega/sleepmgr.o
 .group         0x00000000        0x8 src/ASF/common/services/sleepmgr/xmega/sleepmgr.o
 .group         0x00000000        0x8 src/ASF/common/services/sleepmgr/xmega/sleepmgr.o
 .group         0x00000000        0x8 src/ASF/common/services/sleepmgr/xmega/sleepmgr.o
 .group         0x00000000        0x8 src/ASF/common/services/sleepmgr/xmega/sleepmgr.o
 .group         0x00000000        0x8 src/ASF/common/services/sleepmgr/xmega/sleepmgr.o
 .group         0x00000000        0x8 src/ASF/common/services/sleepmgr/xmega/sleepmgr.o
 .group         0x00000000        0x8 src/ASF/common/services/sleepmgr/xmega/sleepmgr.o
 .group         0x00000000        0x8 src/ASF/common/services/sleepmgr/xmega/sleepmgr.o
 .group         0x00000000        0x8 src/ASF/common/services/sleepmgr/xmega/sleepmgr.o
 .group         0x00000000        0x8 src/ASF/common/services/sleepmgr/xmega/sleepmgr.o
 .group         0x00000000        0x8 src/ASF/common/services/sleepmgr/xmega/sleepmgr.o
 .group         0x00000000        0x8 src/ASF/common/services/sleepmgr/xmega/sleepmgr.o
 .group         0x00000000        0x8 src/ASF/common/services/sleepmgr/xmega/sleepmgr.o
 .group         0x00000000        0x8 src/ASF/common/services/sleepmgr/xmega/sleepmgr.o
 .group         0x00000000        0x8 src/ASF/common/services/sleepmgr/xmega/sleepmgr.o
 .text          0x00000000        0x0 src/ASF/common/services/sleepmgr/xmega/sleepmgr.o
 .data          0x00000000        0x0 src/ASF/common/services/sleepmgr/xmega/sleepmgr.o
 .bss           0x00000000        0x0 src/ASF/common/services/sleepmgr/xmega/sleepmgr.o
 .debug_macro   0x00000000      0xa3c src/ASF/common/services/sleepmgr/xmega/sleepmgr.o
 .debug_macro   0x00000000       0x10 src/ASF/common/services/sleepmgr/xmega/sleepmgr.o
 .debug_macro   0x00000000      0x1ad src/ASF/common/services/sleepmgr/xmega/sleepmgr.o
 .debug_macro   0x00000000      0x293 src/ASF/common/services/sleepmgr/xmega/sleepmgr.o
 .debug_macro   0x00000000       0x9e src/ASF/common/services/sleepmgr/xmega/sleepmgr.o
 .debug_macro   0x00000000     0x6220 src/ASF/common/services/sleepmgr/xmega/sleepmgr.o
 .debug_macro   0x00000000       0x9a src/ASF/common/services/sleepmgr/xmega/sleepmgr.o
 .debug_macro   0x00000000       0xf1 src/ASF/common/services/sleepmgr/xmega/sleepmgr.o
 .debug_macro   0x00000000       0x34 src/ASF/common/services/sleepmgr/xmega/sleepmgr.o
 .debug_macro   0x00000000       0x10 src/ASF/common/services/sleepmgr/xmega/sleepmgr.o
 .debug_macro   0x00000000       0x18 src/ASF/common/services/sleepmgr/xmega/sleepmgr.o
 .debug_macro   0x00000000       0x5e src/ASF/common/services/sleepmgr/xmega/sleepmgr.o
 .debug_macro   0x00000000       0x10 src/ASF/common/services/sleepmgr/xmega/sleepmgr.o
 .debug_macro   0x00000000       0x22 src/ASF/common/services/sleepmgr/xmega/sleepmgr.o
 .debug_macro   0x00000000      0x166 src/ASF/common/services/sleepmgr/xmega/sleepmgr.o
 .debug_macro   0x00000000       0x1c src/ASF/common/services/sleepmgr/xmega/sleepmgr.o
 .debug_macro   0x00000000       0x35 src/ASF/common/services/sleepmgr/xmega/sleepmgr.o
 .debug_macro   0x00000000       0x66 src/ASF/common/services/sleepmgr/xmega/sleepmgr.o
 .debug_macro   0x00000000      0x4d1 src/ASF/common/services/sleepmgr/xmega/sleepmgr.o
 .debug_macro   0x00000000       0x97 src/ASF/common/services/sleepmgr/xmega/sleepmgr.o
 .debug_macro   0x00000000       0x17 src/ASF/common/services/sleepmgr/xmega/sleepmgr.o
 .debug_macro   0x00000000      0x250 src/ASF/common/services/sleepmgr/xmega/sleepmgr.o
 .debug_macro   0x00000000       0x76 src/ASF/common/services/sleepmgr/xmega/sleepmgr.o
 .debug_macro   0x00000000       0x16 src/ASF/common/services/sleepmgr/xmega/sleepmgr.o
 .debug_macro   0x00000000      0x6e3 src/ASF/common/services/sleepmgr/xmega/sleepmgr.o
 .debug_macro   0x00000000       0x10 src/ASF/common/services/sleepmgr/xmega/sleepmgr.o
 .debug_macro   0x00000000      0x175 src/ASF/common/services/sleepmgr/xmega/sleepmgr.o
 .debug_macro   0x00000000       0x40 src/ASF/common/services/sleepmgr/xmega/sleepmgr.o
 .debug_macro   0x00000000       0x69 src/ASF/common/services/sleepmgr/xmega/sleepmgr.o
 .debug_macro   0x00000000       0x32 src/ASF/common/services/sleepmgr/xmega/sleepmgr.o
 .debug_macro   0x00000000       0xe4 src/ASF/common/services/sleepmgr/xmega/sleepmgr.o
 .group         0x00000000        0x8 src/ASF/xmega/boards/stk600/rc032x/init.o
 .group         0x00000000        0x8 src/ASF/xmega/boards/stk600/rc032x/init.o
 .group         0x00000000        0x8 src/ASF/xmega/boards/stk600/rc032x/init.o
 .group         0x00000000        0x8 src/ASF/xmega/boards/stk600/rc032x/init.o
 .group         0x00000000        0x8 src/ASF/xmega/boards/stk600/rc032x/init.o
 .group         0x00000000        0x8 src/ASF/xmega/boards/stk600/rc032x/init.o
 .group         0x00000000        0x8 src/ASF/xmega/boards/stk600/rc032x/init.o
 .group         0x00000000        0x8 src/ASF/xmega/boards/stk600/rc032x/init.o
 .group         0x00000000        0x8 src/ASF/xmega/boards/stk600/rc032x/init.o
 .group         0x00000000        0x8 src/ASF/xmega/boards/stk600/rc032x/init.o
 .group         0x00000000        0x8 src/ASF/xmega/boards/stk600/rc032x/init.o
 .group         0x00000000        0x8 src/ASF/xmega/boards/stk600/rc032x/init.o
 .group         0x00000000        0x8 src/ASF/xmega/boards/stk600/rc032x/init.o
 .group         0x00000000        0x8 src/ASF/xmega/boards/stk600/rc032x/init.o
 .group         0x00000000        0x8 src/ASF/xmega/boards/stk600/rc032x/init.o
 .group         0x00000000        0x8 src/ASF/xmega/boards/stk600/rc032x/init.o
 .group         0x00000000        0x8 src/ASF/xmega/boards/stk600/rc032x/init.o
 .group         0x00000000        0x8 src/ASF/xmega/boards/stk600/rc032x/init.o
 .group         0x00000000        0x8 src/ASF/xmega/boards/stk600/rc032x/init.o
 .group         0x00000000        0x8 src/ASF/xmega/boards/stk600/rc032x/init.o
 .group         0x00000000        0x8 src/ASF/xmega/boards/stk600/rc032x/init.o
 .group         0x00000000        0x8 src/ASF/xmega/boards/stk600/rc032x/init.o
 .group         0x00000000        0x8 src/ASF/xmega/boards/stk600/rc032x/init.o
 .group         0x00000000        0x8 src/ASF/xmega/boards/stk600/rc032x/init.o
 .group         0x00000000        0x8 src/ASF/xmega/boards/stk600/rc032x/init.o
 .group         0x00000000        0x8 src/ASF/xmega/boards/stk600/rc032x/init.o
 .group         0x00000000        0x8 src/ASF/xmega/boards/stk600/rc032x/init.o
 .group         0x00000000        0x8 src/ASF/xmega/boards/stk600/rc032x/init.o
 .group         0x00000000        0x8 src/ASF/xmega/boards/stk600/rc032x/init.o
 .group         0x00000000        0x8 src/ASF/xmega/boards/stk600/rc032x/init.o
 .group         0x00000000        0x8 src/ASF/xmega/boards/stk600/rc032x/init.o
 .group         0x00000000        0x8 src/ASF/xmega/boards/stk600/rc032x/init.o
 .group         0x00000000        0x8 src/ASF/xmega/boards/stk600/rc032x/init.o
 .group         0x00000000        0x8 src/ASF/xmega/boards/stk600/rc032x/init.o
 .group         0x00000000        0x8 src/ASF/xmega/boards/stk600/rc032x/init.o
 .text          0x00000000        0x0 src/ASF/xmega/boards/stk600/rc032x/init.o
 .data          0x00000000        0x0 src/ASF/xmega/boards/stk600/rc032x/init.o
 .bss           0x00000000        0x0 src/ASF/xmega/boards/stk600/rc032x/init.o
 .debug_macro   0x00000000      0xa3c src/ASF/xmega/boards/stk600/rc032x/init.o
 .debug_macro   0x00000000       0x10 src/ASF/xmega/boards/stk600/rc032x/init.o
 .debug_macro   0x00000000      0x1ad src/ASF/xmega/boards/stk600/rc032x/init.o
 .debug_macro   0x00000000      0x293 src/ASF/xmega/boards/stk600/rc032x/init.o
 .debug_macro   0x00000000       0x9e src/ASF/xmega/boards/stk600/rc032x/init.o
 .debug_macro   0x00000000     0x6220 src/ASF/xmega/boards/stk600/rc032x/init.o
 .debug_macro   0x00000000       0x9a src/ASF/xmega/boards/stk600/rc032x/init.o
 .debug_macro   0x00000000       0xf1 src/ASF/xmega/boards/stk600/rc032x/init.o
 .debug_macro   0x00000000       0x34 src/ASF/xmega/boards/stk600/rc032x/init.o
 .debug_macro   0x00000000       0x10 src/ASF/xmega/boards/stk600/rc032x/init.o
 .debug_macro   0x00000000       0x18 src/ASF/xmega/boards/stk600/rc032x/init.o
 .debug_macro   0x00000000       0x5e src/ASF/xmega/boards/stk600/rc032x/init.o
 .debug_macro   0x00000000       0x10 src/ASF/xmega/boards/stk600/rc032x/init.o
 .debug_macro   0x00000000       0x22 src/ASF/xmega/boards/stk600/rc032x/init.o
 .debug_macro   0x00000000      0x166 src/ASF/xmega/boards/stk600/rc032x/init.o
 .debug_macro   0x00000000       0x1c src/ASF/xmega/boards/stk600/rc032x/init.o
 .debug_macro   0x00000000       0x35 src/ASF/xmega/boards/stk600/rc032x/init.o
 .debug_macro   0x00000000       0x66 src/ASF/xmega/boards/stk600/rc032x/init.o
 .debug_macro   0x00000000      0x4d1 src/ASF/xmega/boards/stk600/rc032x/init.o
 .debug_macro   0x00000000       0x97 src/ASF/xmega/boards/stk600/rc032x/init.o
 .debug_macro   0x00000000       0x17 src/ASF/xmega/boards/stk600/rc032x/init.o
 .debug_macro   0x00000000      0x250 src/ASF/xmega/boards/stk600/rc032x/init.o
 .debug_macro   0x00000000       0x76 src/ASF/xmega/boards/stk600/rc032x/init.o
 .debug_macro   0x00000000       0x16 src/ASF/xmega/boards/stk600/rc032x/init.o
 .debug_macro   0x00000000      0x6e3 src/ASF/xmega/boards/stk600/rc032x/init.o
 .debug_macro   0x00000000       0x10 src/ASF/xmega/boards/stk600/rc032x/init.o
 .debug_macro   0x00000000      0x175 src/ASF/xmega/boards/stk600/rc032x/init.o
 .debug_macro   0x00000000       0x40 src/ASF/xmega/boards/stk600/rc032x/init.o
 .debug_macro   0x00000000       0x69 src/ASF/xmega/boards/stk600/rc032x/init.o
 .debug_macro   0x00000000       0x32 src/ASF/xmega/boards/stk600/rc032x/init.o
 .debug_macro   0x00000000       0xe4 src/ASF/xmega/boards/stk600/rc032x/init.o
 .debug_macro   0x00000000       0x8e src/ASF/xmega/boards/stk600/rc032x/init.o
 .debug_macro   0x00000000       0x7c src/ASF/xmega/boards/stk600/rc032x/init.o
 .debug_macro   0x00000000      0x10f src/ASF/xmega/boards/stk600/rc032x/init.o
 .text          0x00000000        0x0 src/ASF/xmega/drivers/cpu/ccp.o
 .data          0x00000000        0x0 src/ASF/xmega/drivers/cpu/ccp.o
 .bss           0x00000000        0x0 src/ASF/xmega/drivers/cpu/ccp.o
 .text.ccp_write_io
                0x00000000        0xc src/ASF/xmega/drivers/cpu/ccp.o
 .debug_line    0x00000000       0x6e src/ASF/xmega/drivers/cpu/ccp.o
 .debug_info    0x00000000       0x9c src/ASF/xmega/drivers/cpu/ccp.o
 .debug_abbrev  0x00000000       0x14 src/ASF/xmega/drivers/cpu/ccp.o
 .debug_aranges
                0x00000000       0x20 src/ASF/xmega/drivers/cpu/ccp.o
 .group         0x00000000        0x8 src/ASF/xmega/drivers/rtc/rtc.o
 .group         0x00000000        0x8 src/ASF/xmega/drivers/rtc/rtc.o
 .group         0x00000000        0x8 src/ASF/xmega/drivers/rtc/rtc.o
 .group         0x00000000        0x8 src/ASF/xmega/drivers/rtc/rtc.o
 .group         0x00000000        0x8 src/ASF/xmega/drivers/rtc/rtc.o
 .group         0x00000000        0x8 src/ASF/xmega/drivers/rtc/rtc.o
 .group         0x00000000        0x8 src/ASF/xmega/drivers/rtc/rtc.o
 .group         0x00000000        0x8 src/ASF/xmega/drivers/rtc/rtc.o
 .group         0x00000000        0x8 src/ASF/xmega/drivers/rtc/rtc.o
 .group         0x00000000        0x8 src/ASF/xmega/drivers/rtc/rtc.o
 .group         0x00000000        0x8 src/ASF/xmega/drivers/rtc/rtc.o
 .group         0x00000000        0x8 src/ASF/xmega/drivers/rtc/rtc.o
 .group         0x00000000        0x8 src/ASF/xmega/drivers/rtc/rtc.o
 .group         0x00000000        0x8 src/ASF/xmega/drivers/rtc/rtc.o
 .group         0x00000000        0x8 src/ASF/xmega/drivers/rtc/rtc.o
 .group         0x00000000        0x8 src/ASF/xmega/drivers/rtc/rtc.o
 .group         0x00000000        0x8 src/ASF/xmega/drivers/rtc/rtc.o
 .group         0x00000000        0x8 src/ASF/xmega/drivers/rtc/rtc.o
 .group         0x00000000        0x8 src/ASF/xmega/drivers/rtc/rtc.o
 .group         0x00000000        0x8 src/ASF/xmega/drivers/rtc/rtc.o
 .group         0x00000000        0x8 src/ASF/xmega/drivers/rtc/rtc.o
 .group         0x00000000        0x8 src/ASF/xmega/drivers/rtc/rtc.o
 .group         0x00000000        0x8 src/ASF/xmega/drivers/rtc/rtc.o
 .group         0x00000000        0x8 src/ASF/xmega/drivers/rtc/rtc.o
 .group         0x00000000        0x8 src/ASF/xmega/drivers/rtc/rtc.o
 .group         0x00000000        0x8 src/ASF/xmega/drivers/rtc/rtc.o
 .group         0x00000000        0x8 src/ASF/xmega/drivers/rtc/rtc.o
 .group         0x00000000        0x8 src/ASF/xmega/drivers/rtc/rtc.o
 .group         0x00000000        0x8 src/ASF/xmega/drivers/rtc/rtc.o
 .group         0x00000000        0x8 src/ASF/xmega/drivers/rtc/rtc.o
 .group         0x00000000        0x8 src/ASF/xmega/drivers/rtc/rtc.o
 .group         0x00000000        0x8 src/ASF/xmega/drivers/rtc/rtc.o
 .group         0x00000000        0x8 src/ASF/xmega/drivers/rtc/rtc.o
 .group         0x00000000        0x8 src/ASF/xmega/drivers/rtc/rtc.o
 .group         0x00000000        0x8 src/ASF/xmega/drivers/rtc/rtc.o
 .group         0x00000000        0x8 src/ASF/xmega/drivers/rtc/rtc.o
 .group         0x00000000        0x8 src/ASF/xmega/drivers/rtc/rtc.o
 .group         0x00000000        0x8 src/ASF/xmega/drivers/rtc/rtc.o
 .group         0x00000000        0x8 src/ASF/xmega/drivers/rtc/rtc.o
 .group         0x00000000        0x8 src/ASF/xmega/drivers/rtc/rtc.o
 .text          0x00000000        0x0 src/ASF/xmega/drivers/rtc/rtc.o
 .data          0x00000000        0x0 src/ASF/xmega/drivers/rtc/rtc.o
 .bss           0x00000000        0x0 src/ASF/xmega/drivers/rtc/rtc.o
 .text.rtc_alarm_has_triggered
                0x00000000       0x12 src/ASF/xmega/drivers/rtc/rtc.o
 .text.rtc_set_time
                0x00000000       0x24 src/ASF/xmega/drivers/rtc/rtc.o
 .text.rtc_load_calibration
                0x00000000        0xa src/ASF/xmega/drivers/rtc/rtc.o
 .debug_macro   0x00000000      0xa3c src/ASF/xmega/drivers/rtc/rtc.o
 .debug_macro   0x00000000       0x10 src/ASF/xmega/drivers/rtc/rtc.o
 .debug_macro   0x00000000      0x1ad src/ASF/xmega/drivers/rtc/rtc.o
 .debug_macro   0x00000000      0x293 src/ASF/xmega/drivers/rtc/rtc.o
 .debug_macro   0x00000000       0x9e src/ASF/xmega/drivers/rtc/rtc.o
 .debug_macro   0x00000000     0x6220 src/ASF/xmega/drivers/rtc/rtc.o
 .debug_macro   0x00000000       0x9a src/ASF/xmega/drivers/rtc/rtc.o
 .debug_macro   0x00000000       0xf1 src/ASF/xmega/drivers/rtc/rtc.o
 .debug_macro   0x00000000       0x34 src/ASF/xmega/drivers/rtc/rtc.o
 .debug_macro   0x00000000       0x10 src/ASF/xmega/drivers/rtc/rtc.o
 .debug_macro   0x00000000       0x18 src/ASF/xmega/drivers/rtc/rtc.o
 .debug_macro   0x00000000       0x5e src/ASF/xmega/drivers/rtc/rtc.o
 .debug_macro   0x00000000       0x10 src/ASF/xmega/drivers/rtc/rtc.o
 .debug_macro   0x00000000       0x22 src/ASF/xmega/drivers/rtc/rtc.o
 .debug_macro   0x00000000      0x166 src/ASF/xmega/drivers/rtc/rtc.o
 .debug_macro   0x00000000       0x1c src/ASF/xmega/drivers/rtc/rtc.o
 .debug_macro   0x00000000       0x35 src/ASF/xmega/drivers/rtc/rtc.o
 .debug_macro   0x00000000       0x66 src/ASF/xmega/drivers/rtc/rtc.o
 .debug_macro   0x00000000      0x4d1 src/ASF/xmega/drivers/rtc/rtc.o
 .debug_macro   0x00000000       0x97 src/ASF/xmega/drivers/rtc/rtc.o
 .debug_macro   0x00000000       0x17 src/ASF/xmega/drivers/rtc/rtc.o
 .debug_macro   0x00000000      0x250 src/ASF/xmega/drivers/rtc/rtc.o
 .debug_macro   0x00000000       0x76 src/ASF/xmega/drivers/rtc/rtc.o
 .debug_macro   0x00000000       0x16 src/ASF/xmega/drivers/rtc/rtc.o
 .debug_macro   0x00000000      0x6e3 src/ASF/xmega/drivers/rtc/rtc.o
 .debug_macro   0x00000000       0x10 src/ASF/xmega/drivers/rtc/rtc.o
 .debug_macro   0x00000000      0x175 src/ASF/xmega/drivers/rtc/rtc.o
 .debug_macro   0x00000000       0x40 src/ASF/xmega/drivers/rtc/rtc.o
 .debug_macro   0x00000000       0x69 src/ASF/xmega/drivers/rtc/rtc.o
 .debug_macro   0x00000000       0x32 src/ASF/xmega/drivers/rtc/rtc.o
 .debug_macro   0x00000000       0xe4 src/ASF/xmega/drivers/rtc/rtc.o
 .debug_macro   0x00000000       0x10 src/ASF/xmega/drivers/rtc/rtc.o
 .debug_macro   0x00000000      0x248 src/ASF/xmega/drivers/rtc/rtc.o
 .debug_macro   0x00000000       0x8e src/ASF/xmega/drivers/rtc/rtc.o
 .debug_macro   0x00000000       0x83 src/ASF/xmega/drivers/rtc/rtc.o
 .debug_macro   0x00000000       0x2f src/ASF/xmega/drivers/rtc/rtc.o
 .debug_macro   0x00000000      0x17e src/ASF/xmega/drivers/rtc/rtc.o
 .debug_macro   0x00000000       0x10 src/ASF/xmega/drivers/rtc/rtc.o
 .debug_macro   0x00000000       0x5e src/ASF/xmega/drivers/rtc/rtc.o
 .group         0x00000000        0x8 src/rtc_example.o
 .group         0x00000000        0x8 src/rtc_example.o
 .group         0x00000000        0x8 src/rtc_example.o
 .group         0x00000000        0x8 src/rtc_example.o
 .group         0x00000000        0x8 src/rtc_example.o
 .group         0x00000000        0x8 src/rtc_example.o
 .group         0x00000000        0x8 src/rtc_example.o
 .group         0x00000000        0x8 src/rtc_example.o
 .group         0x00000000        0x8 src/rtc_example.o
 .group         0x00000000        0x8 src/rtc_example.o
 .group         0x00000000        0x8 src/rtc_example.o
 .group         0x00000000        0x8 src/rtc_example.o
 .group         0x00000000        0x8 src/rtc_example.o
 .group         0x00000000        0x8 src/rtc_example.o
 .group         0x00000000        0x8 src/rtc_example.o
 .group         0x00000000        0x8 src/rtc_example.o
 .group         0x00000000        0x8 src/rtc_example.o
 .group         0x00000000        0x8 src/rtc_example.o
 .group         0x00000000        0x8 src/rtc_example.o
 .group         0x00000000        0x8 src/rtc_example.o
 .group         0x00000000        0x8 src/rtc_example.o
 .group         0x00000000        0x8 src/rtc_example.o
 .group         0x00000000        0x8 src/rtc_example.o
 .group         0x00000000        0x8 src/rtc_example.o
 .group         0x00000000        0x8 src/rtc_example.o
 .group         0x00000000        0x8 src/rtc_example.o
 .group         0x00000000        0x8 src/rtc_example.o
 .group         0x00000000        0x8 src/rtc_example.o
 .group         0x00000000        0x8 src/rtc_example.o
 .group         0x00000000        0x8 src/rtc_example.o
 .group         0x00000000        0x8 src/rtc_example.o
 .group         0x00000000        0x8 src/rtc_example.o
 .group         0x00000000        0x8 src/rtc_example.o
 .group         0x00000000        0x8 src/rtc_example.o
 .group         0x00000000        0x8 src/rtc_example.o
 .group         0x00000000        0x8 src/rtc_example.o
 .group         0x00000000        0x8 src/rtc_example.o
 .group         0x00000000        0x8 src/rtc_example.o
 .group         0x00000000        0x8 src/rtc_example.o
 .group         0x00000000        0x8 src/rtc_example.o
 .group         0x00000000        0x8 src/rtc_example.o
 .group         0x00000000        0x8 src/rtc_example.o
 .group         0x00000000        0x8 src/rtc_example.o
 .group         0x00000000        0x8 src/rtc_example.o
 .group         0x00000000        0x8 src/rtc_example.o
 .text          0x00000000        0x0 src/rtc_example.o
 .data          0x00000000        0x0 src/rtc_example.o
 .bss           0x00000000        0x0 src/rtc_example.o
 .debug_macro   0x00000000      0xa3c src/rtc_example.o
 .debug_macro   0x00000000       0x10 src/rtc_example.o
 .debug_macro   0x00000000      0x1ad src/rtc_example.o
 .debug_macro   0x00000000      0x293 src/rtc_example.o
 .debug_macro   0x00000000       0x9e src/rtc_example.o
 .debug_macro   0x00000000     0x6220 src/rtc_example.o
 .debug_macro   0x00000000       0x9a src/rtc_example.o
 .debug_macro   0x00000000       0xf1 src/rtc_example.o
 .debug_macro   0x00000000       0x34 src/rtc_example.o
 .debug_macro   0x00000000       0x10 src/rtc_example.o
 .debug_macro   0x00000000       0x18 src/rtc_example.o
 .debug_macro   0x00000000       0x5e src/rtc_example.o
 .debug_macro   0x00000000       0x10 src/rtc_example.o
 .debug_macro   0x00000000       0x22 src/rtc_example.o
 .debug_macro   0x00000000      0x166 src/rtc_example.o
 .debug_macro   0x00000000       0x1c src/rtc_example.o
 .debug_macro   0x00000000       0x35 src/rtc_example.o
 .debug_macro   0x00000000       0x66 src/rtc_example.o
 .debug_macro   0x00000000      0x4d1 src/rtc_example.o
 .debug_macro   0x00000000       0x97 src/rtc_example.o
 .debug_macro   0x00000000       0x17 src/rtc_example.o
 .debug_macro   0x00000000      0x250 src/rtc_example.o
 .debug_macro   0x00000000       0x76 src/rtc_example.o
 .debug_macro   0x00000000       0x16 src/rtc_example.o
 .debug_macro   0x00000000      0x6e3 src/rtc_example.o
 .debug_macro   0x00000000       0x10 src/rtc_example.o
 .debug_macro   0x00000000      0x175 src/rtc_example.o
 .debug_macro   0x00000000       0x40 src/rtc_example.o
 .debug_macro   0x00000000       0x69 src/rtc_example.o
 .debug_macro   0x00000000       0x32 src/rtc_example.o
 .debug_macro   0x00000000       0xe4 src/rtc_example.o
 .debug_macro   0x00000000      0x248 src/rtc_example.o
 .debug_macro   0x00000000       0x8e src/rtc_example.o
 .debug_macro   0x00000000       0x7c src/rtc_example.o
 .debug_macro   0x00000000      0x10f src/rtc_example.o
 .debug_macro   0x00000000       0x10 src/rtc_example.o
 .debug_macro   0x00000000       0x5e src/rtc_example.o
 .debug_macro   0x00000000       0x10 src/rtc_example.o
 .debug_macro   0x00000000       0x10 src/rtc_example.o
 .debug_macro   0x00000000       0x83 src/rtc_example.o
 .debug_macro   0x00000000       0x2f src/rtc_example.o
 .debug_macro   0x00000000      0x17e src/rtc_example.o
 .text          0x00000000        0x0 c:/program files (x86)/atmel/atmel toolchain/avr8 gcc/native/3.4.1061/avr8-gnu-toolchain/bin/../lib/gcc/avr/4.8.1/avrxmega2\libgcc.a(_udivmodsi4.o)
 .data          0x00000000        0x0 c:/program files (x86)/atmel/atmel toolchain/avr8 gcc/native/3.4.1061/avr8-gnu-toolchain/bin/../lib/gcc/avr/4.8.1/avrxmega2\libgcc.a(_udivmodsi4.o)
 .bss           0x00000000        0x0 c:/program files (x86)/atmel/atmel toolchain/avr8 gcc/native/3.4.1061/avr8-gnu-toolchain/bin/../lib/gcc/avr/4.8.1/avrxmega2\libgcc.a(_udivmodsi4.o)
 .text.libgcc.mul
                0x00000000        0x0 c:/program files (x86)/atmel/atmel toolchain/avr8 gcc/native/3.4.1061/avr8-gnu-toolchain/bin/../lib/gcc/avr/4.8.1/avrxmega2\libgcc.a(_udivmodsi4.o)
 .text.libgcc   0x00000000        0x0 c:/program files (x86)/atmel/atmel toolchain/avr8 gcc/native/3.4.1061/avr8-gnu-toolchain/bin/../lib/gcc/avr/4.8.1/avrxmega2\libgcc.a(_udivmodsi4.o)
 .text.libgcc.prologue
                0x00000000        0x0 c:/program files (x86)/atmel/atmel toolchain/avr8 gcc/native/3.4.1061/avr8-gnu-toolchain/bin/../lib/gcc/avr/4.8.1/avrxmega2\libgcc.a(_udivmodsi4.o)
 .text.libgcc.builtins
                0x00000000        0x0 c:/program files (x86)/atmel/atmel toolchain/avr8 gcc/native/3.4.1061/avr8-gnu-toolchain/bin/../lib/gcc/avr/4.8.1/avrxmega2\libgcc.a(_udivmodsi4.o)
 .text.libgcc.fmul
                0x00000000        0x0 c:/program files (x86)/atmel/atmel toolchain/avr8 gcc/native/3.4.1061/avr8-gnu-toolchain/bin/../lib/gcc/avr/4.8.1/avrxmega2\libgcc.a(_udivmodsi4.o)
 .text.libgcc.fixed
                0x00000000        0x0 c:/program files (x86)/atmel/atmel toolchain/avr8 gcc/native/3.4.1061/avr8-gnu-toolchain/bin/../lib/gcc/avr/4.8.1/avrxmega2\libgcc.a(_udivmodsi4.o)
 .text          0x00000000        0x0 c:/program files (x86)/atmel/atmel toolchain/avr8 gcc/native/3.4.1061/avr8-gnu-toolchain/bin/../lib/gcc/avr/4.8.1/avrxmega2\libgcc.a(_exit.o)
 .data          0x00000000        0x0 c:/program files (x86)/atmel/atmel toolchain/avr8 gcc/native/3.4.1061/avr8-gnu-toolchain/bin/../lib/gcc/avr/4.8.1/avrxmega2\libgcc.a(_exit.o)
 .bss           0x00000000        0x0 c:/program files (x86)/atmel/atmel toolchain/avr8 gcc/native/3.4.1061/avr8-gnu-toolchain/bin/../lib/gcc/avr/4.8.1/avrxmega2\libgcc.a(_exit.o)
 .text.libgcc.mul
                0x00000000        0x0 c:/program files (x86)/atmel/atmel toolchain/avr8 gcc/native/3.4.1061/avr8-gnu-toolchain/bin/../lib/gcc/avr/4.8.1/avrxmega2\libgcc.a(_exit.o)
 .text.libgcc.div
                0x00000000        0x0 c:/program files (x86)/atmel/atmel toolchain/avr8 gcc/native/3.4.1061/avr8-gnu-toolchain/bin/../lib/gcc/avr/4.8.1/avrxmega2\libgcc.a(_exit.o)
 .text.libgcc   0x00000000        0x0 c:/program files (x86)/atmel/atmel toolchain/avr8 gcc/native/3.4.1061/avr8-gnu-toolchain/bin/../lib/gcc/avr/4.8.1/avrxmega2\libgcc.a(_exit.o)
 .text.libgcc.prologue
                0x00000000        0x0 c:/program files (x86)/atmel/atmel toolchain/avr8 gcc/native/3.4.1061/avr8-gnu-toolchain/bin/../lib/gcc/avr/4.8.1/avrxmega2\libgcc.a(_exit.o)
 .text.libgcc.builtins
                0x00000000        0x0 c:/program files (x86)/atmel/atmel toolchain/avr8 gcc/native/3.4.1061/avr8-gnu-toolchain/bin/../lib/gcc/avr/4.8.1/avrxmega2\libgcc.a(_exit.o)
 .text.libgcc.fmul
                0x00000000        0x0 c:/program files (x86)/atmel/atmel toolchain/avr8 gcc/native/3.4.1061/avr8-gnu-toolchain/bin/../lib/gcc/avr/4.8.1/avrxmega2\libgcc.a(_exit.o)
 .text.libgcc.fixed
                0x00000000        0x0 c:/program files (x86)/atmel/atmel toolchain/avr8 gcc/native/3.4.1061/avr8-gnu-toolchain/bin/../lib/gcc/avr/4.8.1/avrxmega2\libgcc.a(_exit.o)
 .text          0x00000000        0x0 c:/program files (x86)/atmel/atmel toolchain/avr8 gcc/native/3.4.1061/avr8-gnu-toolchain/bin/../lib/gcc/avr/4.8.1/avrxmega2\libgcc.a(_copy_data.o)
 .data          0x00000000        0x0 c:/program files (x86)/atmel/atmel toolchain/avr8 gcc/native/3.4.1061/avr8-gnu-toolchain/bin/../lib/gcc/avr/4.8.1/avrxmega2\libgcc.a(_copy_data.o)
 .bss           0x00000000        0x0 c:/program files (x86)/atmel/atmel toolchain/avr8 gcc/native/3.4.1061/avr8-gnu-toolchain/bin/../lib/gcc/avr/4.8.1/avrxmega2\libgcc.a(_copy_data.o)
 .text.libgcc.mul
                0x00000000        0x0 c:/program files (x86)/atmel/atmel toolchain/avr8 gcc/native/3.4.1061/avr8-gnu-toolchain/bin/../lib/gcc/avr/4.8.1/avrxmega2\libgcc.a(_copy_data.o)
 .text.libgcc.div
                0x00000000        0x0 c:/program files (x86)/atmel/atmel toolchain/avr8 gcc/native/3.4.1061/avr8-gnu-toolchain/bin/../lib/gcc/avr/4.8.1/avrxmega2\libgcc.a(_copy_data.o)
 .text.libgcc   0x00000000        0x0 c:/program files (x86)/atmel/atmel toolchain/avr8 gcc/native/3.4.1061/avr8-gnu-toolchain/bin/../lib/gcc/avr/4.8.1/avrxmega2\libgcc.a(_copy_data.o)
 .text.libgcc.prologue
                0x00000000        0x0 c:/program files (x86)/atmel/atmel toolchain/avr8 gcc/native/3.4.1061/avr8-gnu-toolchain/bin/../lib/gcc/avr/4.8.1/avrxmega2\libgcc.a(_copy_data.o)
 .text.libgcc.builtins
                0x00000000        0x0 c:/program files (x86)/atmel/atmel toolchain/avr8 gcc/native/3.4.1061/avr8-gnu-toolchain/bin/../lib/gcc/avr/4.8.1/avrxmega2\libgcc.a(_copy_data.o)
 .text.libgcc.fmul
                0x00000000        0x0 c:/program files (x86)/atmel/atmel toolchain/avr8 gcc/native/3.4.1061/avr8-gnu-toolchain/bin/../lib/gcc/avr/4.8.1/avrxmega2\libgcc.a(_copy_data.o)
 .text.libgcc.fixed
                0x00000000        0x0 c:/program files (x86)/atmel/atmel toolchain/avr8 gcc/native/3.4.1061/avr8-gnu-toolchain/bin/../lib/gcc/avr/4.8.1/avrxmega2\libgcc.a(_copy_data.o)
 .text          0x00000000        0x0 c:/program files (x86)/atmel/atmel toolchain/avr8 gcc/native/3.4.1061/avr8-gnu-toolchain/bin/../lib/gcc/avr/4.8.1/avrxmega2\libgcc.a(_clear_bss.o)
 .data          0x00000000        0x0 c:/program files (x86)/atmel/atmel toolchain/avr8 gcc/native/3.4.1061/avr8-gnu-toolchain/bin/../lib/gcc/avr/4.8.1/avrxmega2\libgcc.a(_clear_bss.o)
 .bss           0x00000000        0x0 c:/program files (x86)/atmel/atmel toolchain/avr8 gcc/native/3.4.1061/avr8-gnu-toolchain/bin/../lib/gcc/avr/4.8.1/avrxmega2\libgcc.a(_clear_bss.o)
 .text.libgcc.mul
                0x00000000        0x0 c:/program files (x86)/atmel/atmel toolchain/avr8 gcc/native/3.4.1061/avr8-gnu-toolchain/bin/../lib/gcc/avr/4.8.1/avrxmega2\libgcc.a(_clear_bss.o)
 .text.libgcc.div
                0x00000000        0x0 c:/program files (x86)/atmel/atmel toolchain/avr8 gcc/native/3.4.1061/avr8-gnu-toolchain/bin/../lib/gcc/avr/4.8.1/avrxmega2\libgcc.a(_clear_bss.o)
 .text.libgcc   0x00000000        0x0 c:/program files (x86)/atmel/atmel toolchain/avr8 gcc/native/3.4.1061/avr8-gnu-toolchain/bin/../lib/gcc/avr/4.8.1/avrxmega2\libgcc.a(_clear_bss.o)
 .text.libgcc.prologue
                0x00000000        0x0 c:/program files (x86)/atmel/atmel toolchain/avr8 gcc/native/3.4.1061/avr8-gnu-toolchain/bin/../lib/gcc/avr/4.8.1/avrxmega2\libgcc.a(_clear_bss.o)
 .text.libgcc.builtins
                0x00000000        0x0 c:/program files (x86)/atmel/atmel toolchain/avr8 gcc/native/3.4.1061/avr8-gnu-toolchain/bin/../lib/gcc/avr/4.8.1/avrxmega2\libgcc.a(_clear_bss.o)
 .text.libgcc.fmul
                0x00000000        0x0 c:/program files (x86)/atmel/atmel toolchain/avr8 gcc/native/3.4.1061/avr8-gnu-toolchain/bin/../lib/gcc/avr/4.8.1/avrxmega2\libgcc.a(_clear_bss.o)
 .text.libgcc.fixed
                0x00000000        0x0 c:/program files (x86)/atmel/atmel toolchain/avr8 gcc/native/3.4.1061/avr8-gnu-toolchain/bin/../lib/gcc/avr/4.8.1/avrxmega2\libgcc.a(_clear_bss.o)

Memory Configuration

Name             Origin             Length             Attributes
text             0x00000000         0x00100000         xr
data             0x00802000         0x0000ffa0         rw !x
eeprom           0x00810000         0x00010000         rw !x
fuse             0x00820000         0x00000400         rw !x
lock             0x00830000         0x00000400         rw !x
signature        0x00840000         0x00000400         rw !x
user_signatures  0x00850000         0x00000400         rw !x
*default*        0x00000000         0xffffffff

Linker script and memory map

LOAD c:/program files (x86)/atmel/atmel toolchain/avr8 gcc/native/3.4.1061/avr8-gnu-toolchain/bin/../lib/gcc/avr/4.8.1/../../../../avr/lib/avrxmega2/crtx32e5.o
LOAD src/ASF/common/services/clock/xmega/sysclk.o
LOAD src/ASF/common/services/ioport/xmega/ioport_compat.o
LOAD src/ASF/common/services/sleepmgr/xmega/sleepmgr.o
LOAD src/ASF/xmega/boards/stk600/rc032x/init.o
LOAD src/ASF/xmega/drivers/cpu/ccp.o
LOAD src/ASF/xmega/drivers/rtc/rtc.o
LOAD src/rtc_example.o
START GROUP
LOAD c:/program files (x86)/atmel/atmel toolchain/avr8 gcc/native/3.4.1061/avr8-gnu-toolchain/bin/../lib/gcc/avr/4.8.1/../../../../avr/lib/avrxmega2\libm.a
END GROUP
Address of section .BOOT set to 0x8000
START GROUP
LOAD c:/program files (x86)/atmel/atmel toolchain/avr8 gcc/native/3.4.1061/avr8-gnu-toolchain/bin/../lib/gcc/avr/4.8.1/avrxmega2\libgcc.a
LOAD c:/program files (x86)/atmel/atmel toolchain/avr8 gcc/native/3.4.1061/avr8-gnu-toolchain/bin/../lib/gcc/avr/4.8.1/../../../../avr/lib/avrxmega2\libm.a
LOAD c:/program files (x86)/atmel/atmel toolchain/avr8 gcc/native/3.4.1061/avr8-gnu-toolchain/bin/../lib/gcc/avr/4.8.1/../../../../avr/lib/avrxmega2\libc.a
END GROUP

.hash
 *(.hash)

.dynsym
 *(.dynsym)

.dynstr
 *(.dynstr)

.gnu.version
 *(.gnu.version)

.gnu.version_d
 *(.gnu.version_d)

.gnu.version_r
 *(.gnu.version_r)

.rel.init
 *(.rel.init)

.rela.init
 *(.rela.init)

.rel.text
 *(.rel.text)
 *(.rel.text.*)
 *(.rel.gnu.linkonce.t*)

.rela.text
 *(.rela.text)
 *(.rela.text.*)
 *(.rela.gnu.linkonce.t*)

.rel.fini
 *(.rel.fini)

.rela.fini
 *(.rela.fini)

.rel.rodata
 *(.rel.rodata)
 *(.rel.rodata.*)
 *(.rel.gnu.linkonce.r*)

.rela.rodata
 *(.rela.rodata)
 *(.rela.rodata.*)
 *(.rela.gnu.linkonce.r*)

.rel.data
 *(.rel.data)
 *(.rel.data.*)
 *(.rel.gnu.linkonce.d*)

.rela.data
 *(.rela.data)
 *(.rela.data.*)
 *(.rela.gnu.linkonce.d*)

.rel.ctors
 *(.rel.ctors)

.rela.ctors
 *(.rela.ctors)

.rel.dtors
 *(.rel.dtors)

.rela.dtors
 *(.rela.dtors)

.rel.got
 *(.rel.got)

.rela.got
 *(.rela.got)

.rel.bss
 *(.rel.bss)

.rela.bss
 *(.rela.bss)

.rel.plt
 *(.rel.plt)

.rela.plt
 *(.rela.plt)

.text           0x00000000      0x530
 *(.vectors)
 .vectors       0x00000000       0xac c:/program files (x86)/atmel/atmel toolchain/avr8 gcc/native/3.4.1061/avr8-gnu-toolchain/bin/../lib/gcc/avr/4.8.1/../../../../avr/lib/avrxmega2/crtx32e5.o
                0x00000000                __vector_default
                0x00000000                __vectors
 *(.vectors)
 *(.progmem.gcc*)
                0x000000ac                . = ALIGN (0x2)
                0x000000ac                __trampolines_start = .
 *(.trampolines)
 .trampolines   0x000000ac        0x0 linker stubs
 *(.trampolines*)
                0x000000ac                __trampolines_end = .
 *(.progmem*)
                0x000000ac                . = ALIGN (0x2)
 *(.jumptables)
 *(.jumptables*)
 *(.lowtext)
 *(.lowtext*)
                0x000000ac                __ctors_start = .
 *(.ctors)
                0x000000ac                __ctors_end = .
                0x000000ac                __dtors_start = .
 *(.dtors)
                0x000000ac                __dtors_end = .
 SORT(*)(.ctors)
 SORT(*)(.dtors)
 *(.init0)
 .init0         0x000000ac        0x0 c:/program files (x86)/atmel/atmel toolchain/avr8 gcc/native/3.4.1061/avr8-gnu-toolchain/bin/../lib/gcc/avr/4.8.1/../../../../avr/lib/avrxmega2/crtx32e5.o
                0x000000ac                __init
 *(.init0)
 *(.init1)
 *(.init1)
 *(.init2)
 .init2         0x000000ac        0xc c:/program files (x86)/atmel/atmel toolchain/avr8 gcc/native/3.4.1061/avr8-gnu-toolchain/bin/../lib/gcc/avr/4.8.1/../../../../avr/lib/avrxmega2/crtx32e5.o
 *(.init2)
 *(.init3)
 *(.init3)
 *(.init4)
 .init4         0x000000b8       0x16 c:/program files (x86)/atmel/atmel toolchain/avr8 gcc/native/3.4.1061/avr8-gnu-toolchain/bin/../lib/gcc/avr/4.8.1/avrxmega2\libgcc.a(_copy_data.o)
                0x000000b8                __do_copy_data
 .init4         0x000000ce       0x10 c:/program files (x86)/atmel/atmel toolchain/avr8 gcc/native/3.4.1061/avr8-gnu-toolchain/bin/../lib/gcc/avr/4.8.1/avrxmega2\libgcc.a(_clear_bss.o)
                0x000000ce                __do_clear_bss
 *(.init4)
 *(.init5)
 *(.init5)
 *(.init6)
 *(.init6)
 *(.init7)
 *(.init7)
 *(.init8)
 *(.init8)
 *(.init9)
 .init9         0x000000de        0x4 c:/program files (x86)/atmel/atmel toolchain/avr8 gcc/native/3.4.1061/avr8-gnu-toolchain/bin/../lib/gcc/avr/4.8.1/../../../../avr/lib/avrxmega2/crtx32e5.o
 *(.init9)
 *(.text)
 .text          0x000000e2        0x2 c:/program files (x86)/atmel/atmel toolchain/avr8 gcc/native/3.4.1061/avr8-gnu-toolchain/bin/../lib/gcc/avr/4.8.1/../../../../avr/lib/avrxmega2/crtx32e5.o
                0x000000e2                __vector_38
                0x000000e2                __vector_22
                0x000000e2                __vector_28
                0x000000e2                __vector_1
                0x000000e2                __vector_32
                0x000000e2                __vector_34
                0x000000e2                __vector_24
                0x000000e2                __vector_12
                0x000000e2                __bad_interrupt
                0x000000e2                __vector_6
                0x000000e2                __vector_31
                0x000000e2                __vector_35
                0x000000e2                __vector_39
                0x000000e2                __vector_3
                0x000000e2                __vector_23
                0x000000e2                __vector_30
                0x000000e2                __vector_25
                0x000000e2                __vector_11
                0x000000e2                __vector_13
                0x000000e2                __vector_17
                0x000000e2                __vector_19
                0x000000e2                __vector_41
                0x000000e2                __vector_27
                0x000000e2                __vector_5
                0x000000e2                __vector_33
                0x000000e2                __vector_37
                0x000000e2                __vector_4
                0x000000e2                __vector_9
                0x000000e2                __vector_2
                0x000000e2                __vector_21
                0x000000e2                __vector_15
                0x000000e2                __vector_36
                0x000000e2                __vector_29
                0x000000e2                __vector_40
                0x000000e2                __vector_26
                0x000000e2                __vector_14
                0x000000e2                __vector_10
                0x000000e2                __vector_16
                0x000000e2                __vector_18
                0x000000e2                __vector_20
                0x000000e2                __vector_42
                0x000000e4                . = ALIGN (0x2)
 *(.text.*)
 .text.sysclk_init
                0x000000e4       0x28 src/ASF/common/services/clock/xmega/sysclk.o
                0x000000e4                sysclk_init
 .text.sysclk_enable_module
                0x0000010c       0x18 src/ASF/common/services/clock/xmega/sysclk.o
                0x0000010c                sysclk_enable_module
 .text.ioport_configure_port_pin
                0x00000124       0x50 src/ASF/common/services/ioport/xmega/ioport_compat.o
                0x00000124                ioport_configure_port_pin
 .text.board_init
                0x00000174       0x92 src/ASF/xmega/boards/stk600/rc032x/init.o
                0x00000174                board_init
 .text.rtc_get_time
                0x00000206       0x56 src/ASF/xmega/drivers/rtc/rtc.o
                0x00000206                rtc_get_time
 .text.rtc_set_alarm
                0x0000025c       0x30 src/ASF/xmega/drivers/rtc/rtc.o
                0x0000025c                rtc_set_alarm
 .text.rtc_set_callback
                0x0000028c        0xa src/ASF/xmega/drivers/rtc/rtc.o
                0x0000028c                rtc_set_callback
 .text.rtc_init
                0x00000296       0x34 src/ASF/xmega/drivers/rtc/rtc.o
                0x00000296                rtc_init
 .text.__vector_7
                0x000002ca       0x32 src/ASF/xmega/drivers/rtc/rtc.o
                0x000002ca                __vector_7
 .text.__vector_8
                0x000002fc       0xee src/ASF/xmega/drivers/rtc/rtc.o
                0x000002fc                __vector_8
 .text.alarm    0x000003ea       0x7e src/rtc_example.o
 .text.main     0x00000468       0x80 src/rtc_example.o
                0x00000468                main
 .text.libgcc.div
                0x000004e8       0x44 c:/program files (x86)/atmel/atmel toolchain/avr8 gcc/native/3.4.1061/avr8-gnu-toolchain/bin/../lib/gcc/avr/4.8.1/avrxmega2\libgcc.a(_udivmodsi4.o)
                0x000004e8                __udivmodsi4
                0x0000052c                . = ALIGN (0x2)
 *(.fini9)
 .fini9         0x0000052c        0x0 c:/program files (x86)/atmel/atmel toolchain/avr8 gcc/native/3.4.1061/avr8-gnu-toolchain/bin/../lib/gcc/avr/4.8.1/avrxmega2\libgcc.a(_exit.o)
                0x0000052c                _exit
                0x0000052c                exit
 *(.fini9)
 *(.fini8)
 *(.fini8)
 *(.fini7)
 *(.fini7)
 *(.fini6)
 *(.fini6)
 *(.fini5)
 *(.fini5)
 *(.fini4)
 *(.fini4)
 *(.fini3)
 *(.fini3)
 *(.fini2)
 *(.fini2)
 *(.fini1)
 *(.fini1)
 *(.fini0)
 .fini0         0x0000052c        0x4 c:/program files (x86)/atmel/atmel toolchain/avr8 gcc/native/3.4.1061/avr8-gnu-toolchain/bin/../lib/gcc/avr/4.8.1/avrxmega2\libgcc.a(_exit.o)
 *(.fini0)
                0x00000530                _etext = .

.data           0x00802000        0x6 load address 0x00000530
                0x00802000                PROVIDE (__data_start, .)
 *(.data)
 *(.data*)
 .data.sleepmgr_configs
                0x00802000        0x6 src/ASF/common/services/sleepmgr/xmega/sleepmgr.o
                0x00802000                sleepmgr_configs
 *(.rodata)
 *(.rodata*)
 *(.gnu.linkonce.d*)
                0x00802006                . = ALIGN (0x2)
                0x00802006                _edata = .
                0x00802006                PROVIDE (__data_end, .)

.bss            0x00802006        0xe
                0x00802006                PROVIDE (__bss_start, .)
 *(.bss)
 *(.bss*)
 *(COMMON)
 COMMON         0x00802006        0x6 src/ASF/common/services/sleepmgr/xmega/sleepmgr.o
                0x00802006                sleepmgr_locks
 COMMON         0x0080200c        0x8 src/ASF/xmega/drivers/rtc/rtc.o
                0x0080200c                rtc_data
                0x00802014                PROVIDE (__bss_end, .)
                0x00000530                __data_load_start = LOADADDR (.data)
                0x00000536                __data_load_end = (__data_load_start + SIZEOF (.data))

.noinit         0x00802014        0x0
                0x00802014                PROVIDE (__noinit_start, .)
 *(.noinit*)
                0x00802014                PROVIDE (__noinit_end, .)
                0x00802014                _end = .
                0x00802014                PROVIDE (__heap_start, .)

.eeprom         0x00810000        0x0
 *(.eeprom*)
                0x00810000                __eeprom_end = .

.fuse
 *(.fuse)
 *(.lfuse)
 *(.hfuse)
 *(.efuse)

.lock
 *(.lock*)

.signature
 *(.signature*)

.user_signatures
 *(.user_signatures*)

.stab
 *(.stab)

.stabstr
 *(.stabstr)

.stab.excl
 *(.stab.excl)

.stab.exclstr
 *(.stab.exclstr)

.stab.index
 *(.stab.index)

.stab.indexstr
 *(.stab.indexstr)

.comment        0x00000000       0x30
 *(.comment)
 .comment       0x00000000       0x30 src/ASF/common/services/clock/xmega/sysclk.o
                                 0x31 (size before relaxing)
 .comment       0x00000000       0x31 src/ASF/common/services/ioport/xmega/ioport_compat.o
 .comment       0x00000000       0x31 src/ASF/common/services/sleepmgr/xmega/sleepmgr.o
 .comment       0x00000000       0x31 src/ASF/xmega/boards/stk600/rc032x/init.o
 .comment       0x00000000       0x31 src/ASF/xmega/drivers/rtc/rtc.o
 .comment       0x00000000       0x31 src/rtc_example.o

.note.gnu.build-id
 *(.note.gnu.build-id)

.debug
 *(.debug)

.line
 *(.line)

.debug_srcinfo
 *(.debug_srcinfo)

.debug_sfnames
 *(.debug_sfnames)

.debug_aranges  0x00000000      0x110
 *(.debug_aranges)
 .debug_aranges
                0x00000000       0x30 src/ASF/common/services/clock/xmega/sysclk.o
 .debug_aranges
                0x00000030       0x20 src/ASF/common/services/ioport/xmega/ioport_compat.o
 .debug_aranges
                0x00000050       0x18 src/ASF/common/services/sleepmgr/xmega/sleepmgr.o
 .debug_aranges
                0x00000068       0x20 src/ASF/xmega/boards/stk600/rc032x/init.o
 .debug_aranges
                0x00000088       0x60 src/ASF/xmega/drivers/rtc/rtc.o
 .debug_aranges
                0x000000e8       0x28 src/rtc_example.o

.debug_pubnames
 *(.debug_pubnames)

.debug_info     0x00000000     0x1c89
 *(.debug_info .gnu.linkonce.wi.*)
 .debug_info    0x00000000      0x5aa src/ASF/common/services/clock/xmega/sysclk.o
 .debug_info    0x000005aa      0x11d src/ASF/common/services/ioport/xmega/ioport_compat.o
 .debug_info    0x000006c7      0x121 src/ASF/common/services/sleepmgr/xmega/sleepmgr.o
 .debug_info    0x000007e8      0x6a8 src/ASF/xmega/boards/stk600/rc032x/init.o
 .debug_info    0x00000e90      0x73f src/ASF/xmega/drivers/rtc/rtc.o
 .debug_info    0x000015cf      0x6ba src/rtc_example.o

.debug_abbrev   0x00000000      0xa00
 *(.debug_abbrev)
 .debug_abbrev  0x00000000      0x206 src/ASF/common/services/clock/xmega/sysclk.o
 .debug_abbrev  0x00000206       0x93 src/ASF/common/services/ioport/xmega/ioport_compat.o
 .debug_abbrev  0x00000299       0x80 src/ASF/common/services/sleepmgr/xmega/sleepmgr.o
 .debug_abbrev  0x00000319      0x160 src/ASF/xmega/boards/stk600/rc032x/init.o
 .debug_abbrev  0x00000479      0x2eb src/ASF/xmega/drivers/rtc/rtc.o
 .debug_abbrev  0x00000764      0x29c src/rtc_example.o

.debug_line     0x00000000     0x2268
 *(.debug_line .debug_line.* .debug_line_end)
 .debug_line    0x00000000      0x52d src/ASF/common/services/clock/xmega/sysclk.o
 .debug_line    0x0000052d      0x48c src/ASF/common/services/ioport/xmega/ioport_compat.o
 .debug_line    0x000009b9      0x42f src/ASF/common/services/sleepmgr/xmega/sleepmgr.o
 .debug_line    0x00000de8      0x4ab src/ASF/xmega/boards/stk600/rc032x/init.o
 .debug_line    0x00001293      0x7b6 src/ASF/xmega/drivers/rtc/rtc.o
 .debug_line    0x00001a49      0x81f src/rtc_example.o

.debug_frame    0x00000000      0x23c
 *(.debug_frame)
 .debug_frame   0x00000000       0x44 src/ASF/common/services/clock/xmega/sysclk.o
 .debug_frame   0x00000044       0x30 src/ASF/common/services/ioport/xmega/ioport_compat.o
 .debug_frame   0x00000074       0x24 src/ASF/xmega/boards/stk600/rc032x/init.o
 .debug_frame   0x00000098      0x134 src/ASF/xmega/drivers/rtc/rtc.o
 .debug_frame   0x000001cc       0x70 src/rtc_example.o

.debug_str      0x00000000    0x2771c
 *(.debug_str)
 .debug_str     0x00000000    0x26012 src/ASF/common/services/clock/xmega/sysclk.o
                              0x26759 (size before relaxing)
 .debug_str     0x00026012      0x69a src/ASF/common/services/ioport/xmega/ioport_compat.o
                              0x25427 (size before relaxing)
 .debug_str     0x000266ac      0x4bf src/ASF/common/services/sleepmgr/xmega/sleepmgr.o
                              0x2524d (size before relaxing)
 .debug_str     0x00026b6b      0x1b7 src/ASF/xmega/boards/stk600/rc032x/init.o
                              0x25fc3 (size before relaxing)
 .debug_str     0x00026d22      0x3f8 src/ASF/xmega/drivers/rtc/rtc.o
                              0x26c54 (size before relaxing)
 .debug_str     0x0002711a      0x602 src/rtc_example.o
                              0x274e1 (size before relaxing)

.debug_loc      0x00000000      0x704
 *(.debug_loc)
 .debug_loc     0x00000000      0x17d src/ASF/common/services/clock/xmega/sysclk.o
 .debug_loc     0x0000017d       0x66 src/ASF/common/services/ioport/xmega/ioport_compat.o
 .debug_loc     0x000001e3      0x29a src/ASF/xmega/drivers/rtc/rtc.o
 .debug_loc     0x0000047d      0x287 src/rtc_example.o

.debug_macinfo
 *(.debug_macinfo)

.debug_weaknames
 *(.debug_weaknames)

.debug_funcnames
 *(.debug_funcnames)

.debug_typenames
 *(.debug_typenames)

.debug_varnames
 *(.debug_varnames)

.debug_pubtypes
 *(.debug_pubtypes)

.debug_ranges   0x00000000       0xf8
 *(.debug_ranges)
 .debug_ranges  0x00000000       0x20 src/ASF/common/services/clock/xmega/sysclk.o
 .debug_ranges  0x00000020       0x10 src/ASF/common/services/ioport/xmega/ioport_compat.o
 .debug_ranges  0x00000030       0x10 src/ASF/xmega/boards/stk600/rc032x/init.o
 .debug_ranges  0x00000040       0x50 src/ASF/xmega/drivers/rtc/rtc.o
 .debug_ranges  0x00000090       0x68 src/rtc_example.o

.debug_macro    0x00000000     0x9e18
 *(.debug_macro)
 .debug_macro   0x00000000      0x1e2 src/ASF/common/services/clock/xmega/sysclk.o
 .debug_macro   0x000001e2      0xa3c src/ASF/common/services/clock/xmega/sysclk.o
 .debug_macro   0x00000c1e       0x10 src/ASF/common/services/clock/xmega/sysclk.o
 .debug_macro   0x00000c2e      0x1ad src/ASF/common/services/clock/xmega/sysclk.o
 .debug_macro   0x00000ddb      0x293 src/ASF/common/services/clock/xmega/sysclk.o
 .debug_macro   0x0000106e       0x9e src/ASF/common/services/clock/xmega/sysclk.o
 .debug_macro   0x0000110c     0x6220 src/ASF/common/services/clock/xmega/sysclk.o
 .debug_macro   0x0000732c       0x9a src/ASF/common/services/clock/xmega/sysclk.o
 .debug_macro   0x000073c6       0xf1 src/ASF/common/services/clock/xmega/sysclk.o
 .debug_macro   0x000074b7       0x34 src/ASF/common/services/clock/xmega/sysclk.o
 .debug_macro   0x000074eb       0x10 src/ASF/common/services/clock/xmega/sysclk.o
 .debug_macro   0x000074fb       0x18 src/ASF/common/services/clock/xmega/sysclk.o
 .debug_macro   0x00007513       0x5e src/ASF/common/services/clock/xmega/sysclk.o
 .debug_macro   0x00007571       0x10 src/ASF/common/services/clock/xmega/sysclk.o
 .debug_macro   0x00007581       0x22 src/ASF/common/services/clock/xmega/sysclk.o
 .debug_macro   0x000075a3      0x166 src/ASF/common/services/clock/xmega/sysclk.o
 .debug_macro   0x00007709       0x1c src/ASF/common/services/clock/xmega/sysclk.o
 .debug_macro   0x00007725       0x35 src/ASF/common/services/clock/xmega/sysclk.o
 .debug_macro   0x0000775a       0x66 src/ASF/common/services/clock/xmega/sysclk.o
 .debug_macro   0x000077c0      0x4d1 src/ASF/common/services/clock/xmega/sysclk.o
 .debug_macro   0x00007c91       0x97 src/ASF/common/services/clock/xmega/sysclk.o
 .debug_macro   0x00007d28       0x17 src/ASF/common/services/clock/xmega/sysclk.o
 .debug_macro   0x00007d3f      0x250 src/ASF/common/services/clock/xmega/sysclk.o
 .debug_macro   0x00007f8f       0x76 src/ASF/common/services/clock/xmega/sysclk.o
 .debug_macro   0x00008005       0x16 src/ASF/common/services/clock/xmega/sysclk.o
 .debug_macro   0x0000801b      0x6e3 src/ASF/common/services/clock/xmega/sysclk.o
 .debug_macro   0x000086fe       0x10 src/ASF/common/services/clock/xmega/sysclk.o
 .debug_macro   0x0000870e      0x175 src/ASF/common/services/clock/xmega/sysclk.o
 .debug_macro   0x00008883       0x40 src/ASF/common/services/clock/xmega/sysclk.o
 .debug_macro   0x000088c3       0x69 src/ASF/common/services/clock/xmega/sysclk.o
 .debug_macro   0x0000892c       0x32 src/ASF/common/services/clock/xmega/sysclk.o
 .debug_macro   0x0000895e       0xe4 src/ASF/common/services/clock/xmega/sysclk.o
 .debug_macro   0x00008a42       0x10 src/ASF/common/services/clock/xmega/sysclk.o
 .debug_macro   0x00008a52      0x248 src/ASF/common/services/clock/xmega/sysclk.o
 .debug_macro   0x00008c9a       0x8e src/ASF/common/services/clock/xmega/sysclk.o
 .debug_macro   0x00008d28       0x83 src/ASF/common/services/clock/xmega/sysclk.o
 .debug_macro   0x00008dab       0x2f src/ASF/common/services/clock/xmega/sysclk.o
 .debug_macro   0x00008dda      0x17e src/ASF/common/services/clock/xmega/sysclk.o
 .debug_macro   0x00008f58      0x193 src/ASF/common/services/ioport/xmega/ioport_compat.o
 .debug_macro   0x000090eb       0x7c src/ASF/common/services/ioport/xmega/ioport_compat.o
 .debug_macro   0x00009167      0x10f src/ASF/common/services/ioport/xmega/ioport_compat.o
 .debug_macro   0x00009276      0x1a3 src/ASF/common/services/sleepmgr/xmega/sleepmgr.o
 .debug_macro   0x00009419       0x10 src/ASF/common/services/sleepmgr/xmega/sleepmgr.o
 .debug_macro   0x00009429       0x5e src/ASF/common/services/sleepmgr/xmega/sleepmgr.o
 .debug_macro   0x00009487      0x1c0 src/ASF/xmega/boards/stk600/rc032x/init.o
 .debug_macro   0x00009647      0x242 src/ASF/xmega/boards/stk600/rc032x/init.o
 .debug_macro   0x00009889      0x237 src/ASF/xmega/drivers/rtc/rtc.o
 .debug_macro   0x00009ac0       0x10 src/ASF/xmega/drivers/rtc/rtc.o
 .debug_macro   0x00009ad0      0x2b8 src/rtc_example.o
 .debug_macro   0x00009d88       0x34 src/rtc_example.o
 .debug_macro   0x00009dbc       0x40 src/rtc_example.o
 .debug_macro   0x00009dfc       0x1c src/rtc_example.o
OUTPUT(RTC_EXAMPLE1.elf elf32-avr)
LOAD linker stubs

.BOOT           0x00008000        0x0
